violation type: Horizontal congestion
	srcs: net:net2664
	comment: capacity:0 usage:1 overflow:1
	bbox = (50.4000, 1022.4000) - (57.6000, 1029.6000) on Layer -
violation type: Horizontal congestion
	srcs: net:net2664
	comment: capacity:0 usage:1 overflow:1
	bbox = (129.6000, 1022.4000) - (136.8000, 1029.6000) on Layer -
violation type: Horizontal congestion
	srcs: net:net2658
	comment: capacity:0 usage:1 overflow:1
	bbox = (28.8000, 1029.6000) - (36.0000, 1036.8000) on Layer -
violation type: Horizontal congestion
	srcs: net:net2658
	comment: capacity:0 usage:1 overflow:1
	bbox = (129.6000, 986.4000) - (136.8000, 993.6000) on Layer -
violation type: Horizontal congestion
	srcs: net:net2658
	comment: capacity:0 usage:1 overflow:1
	bbox = (151.2000, 986.4000) - (158.4000, 993.6000) on Layer -
violation type: Horizontal congestion
	srcs: net:net2658
	comment: capacity:0 usage:1 overflow:1
	bbox = (21.6000, 1029.6000) - (28.8000, 1036.8000) on Layer -
violation type: Horizontal congestion
	srcs: net:net2658
	comment: capacity:0 usage:1 overflow:1
	bbox = (43.2000, 986.4000) - (50.4000, 993.6000) on Layer -
violation type: Horizontal congestion
	srcs: net:net2658
	comment: capacity:0 usage:1 overflow:1
	bbox = (100.8000, 986.4000) - (108.0000, 993.6000) on Layer -
violation type: Horizontal congestion
	srcs: net:net2658
	comment: capacity:0 usage:1 overflow:1
	bbox = (144.0000, 986.4000) - (151.2000, 993.6000) on Layer -
violation type: Horizontal congestion
	srcs: net:net2664
	comment: capacity:0 usage:1 overflow:1
	bbox = (43.2000, 1022.4000) - (50.4000, 1029.6000) on Layer -
violation type: Horizontal congestion
	srcs: net:net2664
	comment: capacity:0 usage:1 overflow:1
	bbox = (57.6000, 1022.4000) - (64.8000, 1029.6000) on Layer -
violation type: Horizontal congestion
	srcs: net:net2664
	comment: capacity:0 usage:1 overflow:1
	bbox = (151.2000, 1022.4000) - (158.4000, 1029.6000) on Layer -
violation type: Horizontal congestion
	srcs: net:net2658
	comment: capacity:0 usage:1 overflow:1
	bbox = (50.4000, 986.4000) - (57.6000, 993.6000) on Layer -
violation type: Horizontal congestion
	srcs: net:net2661
	comment: capacity:0 usage:1 overflow:1
	bbox = (424.8000, 1944.0000) - (432.0000, 1951.2000) on Layer -
violation type: Horizontal congestion
	srcs: net:net2658
	comment: capacity:0 usage:1 overflow:1
	bbox = (158.4000, 986.4000) - (165.6000, 993.6000) on Layer -
violation type: Horizontal congestion
	srcs: net:net2658
	comment: capacity:0 usage:1 overflow:1
	bbox = (165.6000, 986.4000) - (172.8000, 993.6000) on Layer -
violation type: Horizontal congestion
	srcs: net:net2658
	comment: capacity:0 usage:1 overflow:1
	bbox = (36.0000, 986.4000) - (43.2000, 993.6000) on Layer -
violation type: Horizontal congestion
	srcs: net:net2658
	comment: capacity:0 usage:1 overflow:1
	bbox = (86.4000, 986.4000) - (93.6000, 993.6000) on Layer -
violation type: Horizontal congestion
	srcs: net:net2658
	comment: capacity:0 usage:1 overflow:1
	bbox = (122.4000, 986.4000) - (129.6000, 993.6000) on Layer -
violation type: Horizontal congestion
	srcs: net:net2658
	comment: capacity:0 usage:1 overflow:1
	bbox = (136.8000, 986.4000) - (144.0000, 993.6000) on Layer -
violation type: Horizontal congestion
	srcs: net:net2658
	comment: capacity:0 usage:1 overflow:1
	bbox = (108.0000, 986.4000) - (115.2000, 993.6000) on Layer -
violation type: Horizontal congestion
	srcs: net:net2658
	comment: capacity:0 usage:1 overflow:1
	bbox = (115.2000, 986.4000) - (122.4000, 993.6000) on Layer -
violation type: Horizontal congestion
	srcs: net:net2664
	comment: capacity:0 usage:1 overflow:1
	bbox = (100.8000, 1022.4000) - (108.0000, 1029.6000) on Layer -
violation type: Horizontal congestion
	srcs: net:net2658
	comment: capacity:0 usage:1 overflow:1
	bbox = (14.4000, 1029.6000) - (21.6000, 1036.8000) on Layer -
violation type: Horizontal congestion
	srcs: net:net2664
	comment: capacity:0 usage:1 overflow:1
	bbox = (79.2000, 1022.4000) - (86.4000, 1029.6000) on Layer -
violation type: Horizontal congestion
	srcs: net:net2664
	comment: capacity:0 usage:1 overflow:1
	bbox = (72.0000, 1022.4000) - (79.2000, 1029.6000) on Layer -
violation type: Horizontal congestion
	srcs: net:net2664
	comment: capacity:0 usage:1 overflow:1
	bbox = (64.8000, 1022.4000) - (72.0000, 1029.6000) on Layer -
violation type: Horizontal congestion
	srcs: net:net2664
	comment: capacity:0 usage:1 overflow:1
	bbox = (93.6000, 1022.4000) - (100.8000, 1029.6000) on Layer -
violation type: Horizontal congestion
	srcs: net:net2658
	comment: capacity:0 usage:1 overflow:1
	bbox = (0.0000, 1123.2000) - (7.2000, 1130.4000) on Layer -
violation type: Horizontal congestion
	srcs: net:net2664
	comment: capacity:0 usage:1 overflow:1
	bbox = (0.0000, 1022.4000) - (7.2000, 1029.6000) on Layer -
violation type: Horizontal congestion
	srcs: net:net2664
	comment: capacity:0 usage:1 overflow:1
	bbox = (165.6000, 1022.4000) - (172.8000, 1029.6000) on Layer -
violation type: Horizontal congestion
	srcs: net:net2658
	comment: capacity:0 usage:1 overflow:1
	bbox = (79.2000, 986.4000) - (86.4000, 993.6000) on Layer -
violation type: Horizontal congestion
	srcs: net:net2664
	comment: capacity:0 usage:1 overflow:1
	bbox = (14.4000, 1022.4000) - (21.6000, 1029.6000) on Layer -
violation type: Horizontal congestion
	srcs: net:net2658
	comment: capacity:0 usage:1 overflow:1
	bbox = (72.0000, 986.4000) - (79.2000, 993.6000) on Layer -
violation type: Horizontal congestion
	srcs: net:net2664
	comment: capacity:0 usage:1 overflow:1
	bbox = (36.0000, 1022.4000) - (43.2000, 1029.6000) on Layer -
violation type: Horizontal congestion
	srcs: net:net2664
	comment: capacity:0 usage:1 overflow:1
	bbox = (108.0000, 1022.4000) - (115.2000, 1029.6000) on Layer -
violation type: Horizontal congestion
	srcs: net:net2658
	comment: capacity:0 usage:1 overflow:1
	bbox = (57.6000, 986.4000) - (64.8000, 993.6000) on Layer -
violation type: Horizontal congestion
	srcs: net:net2664
	comment: capacity:0 usage:1 overflow:1
	bbox = (7.2000, 1022.4000) - (14.4000, 1029.6000) on Layer -
violation type: Horizontal congestion
	srcs: net:net2658
	comment: capacity:0 usage:1 overflow:1
	bbox = (7.2000, 1080.0000) - (14.4000, 1087.2000) on Layer -
violation type: Horizontal congestion
	srcs: net:net2664
	comment: capacity:0 usage:1 overflow:1
	bbox = (144.0000, 1022.4000) - (151.2000, 1029.6000) on Layer -
violation type: Horizontal congestion
	srcs: net:net2661
	comment: capacity:0 usage:1 overflow:1
	bbox = (432.0000, 1944.0000) - (439.2000, 1951.2000) on Layer -
violation type: Horizontal congestion
	srcs: net:net2664
	comment: capacity:0 usage:1 overflow:1
	bbox = (21.6000, 1022.4000) - (28.8000, 1029.6000) on Layer -
violation type: Horizontal congestion
	srcs: net:net2664
	comment: capacity:0 usage:1 overflow:1
	bbox = (86.4000, 1022.4000) - (93.6000, 1029.6000) on Layer -
violation type: Horizontal congestion
	srcs: net:net2658
	comment: capacity:0 usage:1 overflow:1
	bbox = (93.6000, 986.4000) - (100.8000, 993.6000) on Layer -
violation type: Horizontal congestion
	srcs: net:net2664
	comment: capacity:0 usage:1 overflow:1
	bbox = (122.4000, 1022.4000) - (129.6000, 1029.6000) on Layer -
violation type: Horizontal congestion
	srcs: net:net2664
	comment: capacity:0 usage:1 overflow:1
	bbox = (115.2000, 1022.4000) - (122.4000, 1029.6000) on Layer -
violation type: Horizontal congestion
	srcs: net:net2664
	comment: capacity:0 usage:1 overflow:1
	bbox = (28.8000, 1022.4000) - (36.0000, 1029.6000) on Layer -
violation type: Horizontal congestion
	srcs: net:net2664
	comment: capacity:0 usage:1 overflow:1
	bbox = (158.4000, 1022.4000) - (165.6000, 1029.6000) on Layer -
violation type: Horizontal congestion
	srcs: net:net2664
	comment: capacity:0 usage:1 overflow:1
	bbox = (136.8000, 1022.4000) - (144.0000, 1029.6000) on Layer -
violation type: Horizontal congestion
	srcs: net:net2658
	comment: capacity:0 usage:1 overflow:1
	bbox = (64.8000, 986.4000) - (72.0000, 993.6000) on Layer -
violation type: Vertical congestion
	srcs: net:net2658
	comment: capacity:0 usage:1 overflow:1
	bbox = (14.4000, 1051.2000) - (21.6000, 1058.4000) on Layer -
violation type: Vertical congestion
	srcs: net:net2658
	comment: capacity:0 usage:1 overflow:1
	bbox = (36.0000, 993.6000) - (43.2000, 1000.8000) on Layer -
violation type: Vertical congestion
	srcs: net:net2658
	comment: capacity:0 usage:1 overflow:1
	bbox = (7.2000, 1087.2000) - (14.4000, 1094.4000) on Layer -
violation type: Vertical congestion
	srcs: net:net2661
	comment: capacity:0 usage:1 overflow:1
	bbox = (424.8000, 1778.4000) - (432.0000, 1785.6000) on Layer -
violation type: Vertical congestion
	srcs: net:net2661
	comment: capacity:0 usage:1 overflow:1
	bbox = (424.8000, 1800.0000) - (432.0000, 1807.2000) on Layer -
violation type: Vertical congestion
	srcs: net:net2661
	comment: capacity:0 usage:1 overflow:1
	bbox = (424.8000, 1857.6000) - (432.0000, 1864.8000) on Layer -
violation type: Vertical congestion
	srcs: net:net2658
	comment: capacity:0 usage:1 overflow:1
	bbox = (7.2000, 1080.0000) - (14.4000, 1087.2000) on Layer -
violation type: Vertical congestion
	srcs: net:net2661
	comment: capacity:0 usage:1 overflow:1
	bbox = (424.8000, 1886.4000) - (432.0000, 1893.6000) on Layer -
violation type: Vertical congestion
	srcs: net:net2661
	comment: capacity:0 usage:1 overflow:1
	bbox = (424.8000, 1936.8000) - (432.0000, 1944.0000) on Layer -
violation type: Vertical congestion
	srcs: net:net2661
	comment: capacity:0 usage:1 overflow:1
	bbox = (424.8000, 1864.8000) - (432.0000, 1872.0000) on Layer -
violation type: Vertical congestion
	srcs: net:net2658
	comment: capacity:0 usage:1 overflow:1
	bbox = (14.4000, 1036.8000) - (21.6000, 1044.0000) on Layer -
violation type: Vertical congestion
	srcs: net:net2661
	comment: capacity:0 usage:1 overflow:1
	bbox = (424.8000, 1850.4000) - (432.0000, 1857.6000) on Layer -
violation type: Vertical congestion
	srcs: net:net2661
	comment: capacity:0 usage:1 overflow:1
	bbox = (424.8000, 1915.2000) - (432.0000, 1922.4000) on Layer -
violation type: Vertical congestion
	srcs: net:net2661
	comment: capacity:0 usage:1 overflow:1
	bbox = (424.8000, 1792.8000) - (432.0000, 1800.0000) on Layer -
violation type: Vertical congestion
	srcs: net:net2658
	comment: capacity:0 usage:1 overflow:1
	bbox = (14.4000, 1044.0000) - (21.6000, 1051.2000) on Layer -
violation type: Vertical congestion
	srcs: net:net2658
	comment: capacity:0 usage:1 overflow:1
	bbox = (7.2000, 1116.0000) - (14.4000, 1123.2000) on Layer -
violation type: Vertical congestion
	srcs: net:net2658
	comment: capacity:0 usage:1 overflow:1
	bbox = (36.0000, 1008.0000) - (43.2000, 1015.2000) on Layer -
violation type: Vertical congestion
	srcs: net:net2658
	comment: capacity:0 usage:1 overflow:1
	bbox = (14.4000, 1058.4000) - (21.6000, 1065.6000) on Layer -
violation type: Vertical congestion
	srcs: net:net2661
	comment: capacity:0 usage:1 overflow:1
	bbox = (439.2000, 1944.0000) - (446.4000, 1951.2000) on Layer -
violation type: Vertical congestion
	srcs: net:net2661
	comment: capacity:0 usage:1 overflow:1
	bbox = (424.8000, 1836.0000) - (432.0000, 1843.2000) on Layer -
violation type: Vertical congestion
	srcs: net:net2661
	comment: capacity:0 usage:1 overflow:1
	bbox = (424.8000, 1828.8000) - (432.0000, 1836.0000) on Layer -
violation type: Vertical congestion
	srcs: net:net2658
	comment: capacity:0 usage:1 overflow:1
	bbox = (7.2000, 1108.8000) - (14.4000, 1116.0000) on Layer -
violation type: Vertical congestion
	srcs: net:net2661
	comment: capacity:0 usage:1 overflow:1
	bbox = (424.8000, 1922.4000) - (432.0000, 1929.6000) on Layer -
violation type: Vertical congestion
	srcs: net:net2658
	comment: capacity:0 usage:1 overflow:1
	bbox = (36.0000, 1015.2000) - (43.2000, 1022.4000) on Layer -
violation type: Vertical congestion
	srcs: net:net2658
	comment: capacity:0 usage:1 overflow:1
	bbox = (14.4000, 1072.8000) - (21.6000, 1080.0000) on Layer -
violation type: Vertical congestion
	srcs: net:net2661
	comment: capacity:0 usage:1 overflow:1
	bbox = (424.8000, 1821.6000) - (432.0000, 1828.8000) on Layer -
violation type: Vertical congestion
	srcs: net:net2661
	comment: capacity:0 usage:1 overflow:1
	bbox = (424.8000, 1807.2000) - (432.0000, 1814.4000) on Layer -
violation type: Vertical congestion
	srcs: net:net2661
	comment: capacity:0 usage:1 overflow:1
	bbox = (424.8000, 1929.6000) - (432.0000, 1936.8000) on Layer -
violation type: Vertical congestion
	srcs: net:net2664
	comment: capacity:0 usage:1 overflow:1
	bbox = (0.0000, 1022.4000) - (7.2000, 1029.6000) on Layer -
violation type: Vertical congestion
	srcs: net:net2661
	comment: capacity:0 usage:1 overflow:1
	bbox = (424.8000, 1879.2000) - (432.0000, 1886.4000) on Layer -
violation type: Vertical congestion
	srcs: net:net2658
	comment: capacity:0 usage:1 overflow:1
	bbox = (14.4000, 1065.6000) - (21.6000, 1072.8000) on Layer -
violation type: Vertical congestion
	srcs: net:net2658
	comment: capacity:0 usage:1 overflow:1
	bbox = (7.2000, 1101.6000) - (14.4000, 1108.8000) on Layer -
violation type: Vertical congestion
	srcs: net:net2661
	comment: capacity:0 usage:1 overflow:1
	bbox = (424.8000, 1893.6000) - (432.0000, 1900.8000) on Layer -
violation type: Vertical congestion
	srcs: net:net2661
	comment: capacity:0 usage:1 overflow:1
	bbox = (424.8000, 1908.0000) - (432.0000, 1915.2000) on Layer -
violation type: Vertical congestion
	srcs: net:net2661
	comment: capacity:0 usage:1 overflow:1
	bbox = (424.8000, 1843.2000) - (432.0000, 1850.4000) on Layer -
violation type: Vertical congestion
	srcs: net:net2658
	comment: capacity:0 usage:1 overflow:1
	bbox = (0.0000, 1123.2000) - (7.2000, 1130.4000) on Layer -
violation type: Vertical congestion
	srcs: net:net2658
	comment: capacity:0 usage:1 overflow:1
	bbox = (36.0000, 1000.8000) - (43.2000, 1008.0000) on Layer -
violation type: Vertical congestion
	srcs: net:net2661
	comment: capacity:0 usage:1 overflow:1
	bbox = (424.8000, 1785.6000) - (432.0000, 1792.8000) on Layer -
violation type: Vertical congestion
	srcs: net:net2661
	comment: capacity:0 usage:1 overflow:1
	bbox = (424.8000, 1900.8000) - (432.0000, 1908.0000) on Layer -
violation type: Vertical congestion
	srcs: net:net2658
	comment: capacity:0 usage:1 overflow:1
	bbox = (36.0000, 1022.4000) - (43.2000, 1029.6000) on Layer -
violation type: Vertical congestion
	srcs: net:net2658
	comment: capacity:0 usage:1 overflow:1
	bbox = (36.0000, 986.4000) - (43.2000, 993.6000) on Layer -
violation type: Vertical congestion
	srcs: net:net2658
	comment: capacity:0 usage:1 overflow:1
	bbox = (14.4000, 1029.6000) - (21.6000, 1036.8000) on Layer -
violation type: Vertical congestion
	srcs: net:net2661
	comment: capacity:0 usage:1 overflow:1
	bbox = (424.8000, 1814.4000) - (432.0000, 1821.6000) on Layer -
violation type: Vertical congestion
	srcs: net:net2661
	comment: capacity:0 usage:1 overflow:1
	bbox = (424.8000, 1872.0000) - (432.0000, 1879.2000) on Layer -
violation type: Vertical congestion
	srcs: net:net2658
	comment: capacity:0 usage:1 overflow:1
	bbox = (7.2000, 1094.4000) - (14.4000, 1101.6000) on Layer -
