
==========================================================================
02_fir_chip.gpl1 check_setup
--------------------------------------------------------------------------
0

==========================================================================
02_fir_chip.gpl1 report_tns
--------------------------------------------------------------------------
tns max 0.00

==========================================================================
02_fir_chip.gpl1 report_wns
--------------------------------------------------------------------------
wns max 0.00

==========================================================================
02_fir_chip.gpl1 report_worst_slack
--------------------------------------------------------------------------
worst slack max 2.76

==========================================================================
02_fir_chip.gpl1 report_checks -path_delay min
--------------------------------------------------------------------------
[WARNING STA-0168] unknown field nets.
Startpoint: i_fir.i4.q_3__reg
            (rising edge-triggered flip-flop clocked by clk_sys)
Endpoint: i_fir.i5.q_3__reg (rising edge-triggered flip-flop clocked by clk_sys)
Path Group: clk_sys
Path Type: min
Corner: ff

Fanout     Cap    Slew   Delay    Time   Description
-----------------------------------------------------------------------------
                  0.20    0.00    0.00   clock clk_sys (rise edge)
                          0.00    0.00   clock network delay (ideal)
                  0.20    0.00    0.00 ^ i_fir.i4.q_3__reg/CLK (sg13g2_dfrbpq_1)
     2    0.00    0.02    0.16    0.16 v i_fir.i4.q_3__reg/Q (sg13g2_dfrbpq_1)
                  0.02    0.00    0.16 v i_fir.i5.q_3__reg/D (sg13g2_dfrbpq_1)
                                  0.16   data arrival time

                  0.20    0.00    0.00   clock clk_sys (rise edge)
                          0.00    0.00   clock network delay (ideal)
                          0.10    0.10   clock uncertainty
                          0.00    0.10   clock reconvergence pessimism
                                  0.10 ^ i_fir.i5.q_3__reg/CLK (sg13g2_dfrbpq_1)
                          0.01    0.11   library hold time
                                  0.11   data required time
-----------------------------------------------------------------------------
                                  0.11   data required time
                                 -0.16   data arrival time
-----------------------------------------------------------------------------
                                  0.06   slack (MET)



==========================================================================
02_fir_chip.gpl1 report_checks -path_delay max
--------------------------------------------------------------------------
[WARNING STA-0168] unknown field nets.
Startpoint: i_fir.i1.q_3__reg
            (rising edge-triggered flip-flop clocked by clk_sys)
Endpoint: out_7_ (output port clocked by clk_sys)
Path Group: clk_sys
Path Type: max
Corner: tt

Fanout     Cap    Slew   Delay    Time   Description
-----------------------------------------------------------------------------
                  0.20    0.00    0.00   clock clk_sys (rise edge)
                          0.00    0.00   clock network delay (ideal)
                  0.20    0.00    0.00 ^ i_fir.i1.q_3__reg/CLK (sg13g2_dfrbpq_1)
     4    0.01    0.06    0.26    0.26 ^ i_fir.i1.q_3__reg/Q (sg13g2_dfrbpq_1)
                  0.06    0.00    0.26 ^ _138_/A (sg13g2_xor2_1)
     5    0.02    0.17    0.19    0.45 ^ _138_/X (sg13g2_xor2_1)
                  0.17    0.00    0.45 ^ _162_/A2 (sg13g2_a21oi_1)
     1    0.00    0.06    0.10    0.55 v _162_/Y (sg13g2_a21oi_1)
                  0.06    0.00    0.55 v _165_/A1 (sg13g2_o21ai_1)
     1    0.00    0.07    0.09    0.64 ^ _165_/Y (sg13g2_o21ai_1)
                  0.07    0.00    0.64 ^ _170_/A (sg13g2_nand4_1)
     7    0.03    0.30    0.27    0.92 v _170_/Y (sg13g2_nand4_1)
                  0.30    0.00    0.92 v _206_/A2 (sg13g2_a21o_1)
     1    0.00    0.03    0.19    1.10 v _206_/X (sg13g2_a21o_1)
                  0.03    0.00    1.10 v _207_/B1 (sg13g2_o21ai_1)
     1    0.01    0.14    0.05    1.15 ^ _207_/Y (sg13g2_o21ai_1)
                  0.14    0.00    1.15 ^ _214_/A1 (sg13g2_a21oi_2)
     5    0.02    0.09    0.11    1.27 v _214_/Y (sg13g2_a21oi_2)
                  0.09    0.00    1.27 v _230_/C (sg13g2_or4_1)
     2    0.01    0.05    0.21    1.47 v _230_/X (sg13g2_or4_1)
                  0.05    0.00    1.47 v _232_/B (sg13g2_nand3_1)
     1    0.01    0.05    0.05    1.53 ^ _232_/Y (sg13g2_nand3_1)
                  0.05    0.00    1.53 ^ _233_/B (sg13g2_xnor2_1)
     1    0.04    0.36    0.29    1.82 ^ _233_/Y (sg13g2_xnor2_1)
                  0.48    0.00    1.82 ^ pad_out7/c2p (sg13g2_IOPadOut16mA)
     2   15.00    3.55    3.32    5.14 ^ pad_out7/pad (sg13g2_IOPadOut16mA)
                  2.66    0.00    5.14 ^ out_7_ (out)
                                  5.14   data arrival time

                  0.20   10.00   10.00   clock clk_sys (rise edge)
                          0.00   10.00   clock network delay (ideal)
                         -0.10    9.90   clock uncertainty
                          0.00    9.90   clock reconvergence pessimism
                         -2.00    7.90   output external delay
                                  7.90   data required time
-----------------------------------------------------------------------------
                                  7.90   data required time
                                 -5.14   data arrival time
-----------------------------------------------------------------------------
                                  2.76   slack (MET)



==========================================================================
02_fir_chip.gpl1 report_checks -unconstrained
--------------------------------------------------------------------------
[WARNING STA-0168] unknown field nets.
Startpoint: i_fir.i1.q_3__reg
            (rising edge-triggered flip-flop clocked by clk_sys)
Endpoint: out_7_ (output port clocked by clk_sys)
Path Group: clk_sys
Path Type: max
Corner: tt

Fanout     Cap    Slew   Delay    Time   Description
-----------------------------------------------------------------------------
                  0.20    0.00    0.00   clock clk_sys (rise edge)
                          0.00    0.00   clock network delay (ideal)
                  0.20    0.00    0.00 ^ i_fir.i1.q_3__reg/CLK (sg13g2_dfrbpq_1)
     4    0.01    0.06    0.26    0.26 ^ i_fir.i1.q_3__reg/Q (sg13g2_dfrbpq_1)
                  0.06    0.00    0.26 ^ _138_/A (sg13g2_xor2_1)
     5    0.02    0.17    0.19    0.45 ^ _138_/X (sg13g2_xor2_1)
                  0.17    0.00    0.45 ^ _162_/A2 (sg13g2_a21oi_1)
     1    0.00    0.06    0.10    0.55 v _162_/Y (sg13g2_a21oi_1)
                  0.06    0.00    0.55 v _165_/A1 (sg13g2_o21ai_1)
     1    0.00    0.07    0.09    0.64 ^ _165_/Y (sg13g2_o21ai_1)
                  0.07    0.00    0.64 ^ _170_/A (sg13g2_nand4_1)
     7    0.03    0.30    0.27    0.92 v _170_/Y (sg13g2_nand4_1)
                  0.30    0.00    0.92 v _206_/A2 (sg13g2_a21o_1)
     1    0.00    0.03    0.19    1.10 v _206_/X (sg13g2_a21o_1)
                  0.03    0.00    1.10 v _207_/B1 (sg13g2_o21ai_1)
     1    0.01    0.14    0.05    1.15 ^ _207_/Y (sg13g2_o21ai_1)
                  0.14    0.00    1.15 ^ _214_/A1 (sg13g2_a21oi_2)
     5    0.02    0.09    0.11    1.27 v _214_/Y (sg13g2_a21oi_2)
                  0.09    0.00    1.27 v _230_/C (sg13g2_or4_1)
     2    0.01    0.05    0.21    1.47 v _230_/X (sg13g2_or4_1)
                  0.05    0.00    1.47 v _232_/B (sg13g2_nand3_1)
     1    0.01    0.05    0.05    1.53 ^ _232_/Y (sg13g2_nand3_1)
                  0.05    0.00    1.53 ^ _233_/B (sg13g2_xnor2_1)
     1    0.04    0.36    0.29    1.82 ^ _233_/Y (sg13g2_xnor2_1)
                  0.48    0.00    1.82 ^ pad_out7/c2p (sg13g2_IOPadOut16mA)
     2   15.00    3.55    3.32    5.14 ^ pad_out7/pad (sg13g2_IOPadOut16mA)
                  2.66    0.00    5.14 ^ out_7_ (out)
                                  5.14   data arrival time

                  0.20   10.00   10.00   clock clk_sys (rise edge)
                          0.00   10.00   clock network delay (ideal)
                         -0.10    9.90   clock uncertainty
                          0.00    9.90   clock reconvergence pessimism
                         -2.00    7.90   output external delay
                                  7.90   data required time
-----------------------------------------------------------------------------
                                  7.90   data required time
                                 -5.14   data arrival time
-----------------------------------------------------------------------------
                                  2.76   slack (MET)



==========================================================================
02_fir_chip.gpl1 report_check_types -max_slew -max_cap -max_fanout -violators
--------------------------------------------------------------------------

==========================================================================
02_fir_chip.gpl1 max_slew_check_slack
--------------------------------------------------------------------------
-2.549527883529663

==========================================================================
02_fir_chip.gpl1 max_slew_check_limit
--------------------------------------------------------------------------
1.0

==========================================================================
02_fir_chip.gpl1 max_slew_check_slack_limit
--------------------------------------------------------------------------
-2.5495

==========================================================================
02_fir_chip.gpl1 max_fanout_check_slack
--------------------------------------------------------------------------
-12.0

==========================================================================
02_fir_chip.gpl1 max_fanout_check_limit
--------------------------------------------------------------------------
8.0

==========================================================================
02_fir_chip.gpl1 max_fanout_check_slack_limit
--------------------------------------------------------------------------
-1.5000

==========================================================================
02_fir_chip.gpl1 max_capacitance_check_slack
--------------------------------------------------------------------------
-14.499999046325684

==========================================================================
02_fir_chip.gpl1 max_capacitance_check_limit
--------------------------------------------------------------------------
0.5

==========================================================================
02_fir_chip.gpl1 max_capacitance_check_slack_limit
--------------------------------------------------------------------------
-29.0000

==========================================================================
02_fir_chip.gpl1 max_slew_violation_count
--------------------------------------------------------------------------
max slew violation count 27

==========================================================================
02_fir_chip.gpl1 max_fanout_violation_count
--------------------------------------------------------------------------
max fanout violation count 2

==========================================================================
02_fir_chip.gpl1 max_cap_violation_count
--------------------------------------------------------------------------
max cap violation count 9

==========================================================================
02_fir_chip.gpl1 setup_violation_count
--------------------------------------------------------------------------
setup violation count 0

==========================================================================
02_fir_chip.gpl1 hold_violation_count
--------------------------------------------------------------------------
hold violation count 0

==========================================================================
02_fir_chip.gpl1 critical path delay
--------------------------------------------------------------------------
5.1450

==========================================================================
02_fir_chip.gpl1 critical path slack
--------------------------------------------------------------------------
2.7550

==========================================================================
02_fir_chip.gpl1 slack div critical path delay
--------------------------------------------------------------------------
53.547133

==========================================================================
02_fir_chip.gpl1 report_power tt
--------------------------------------------------------------------------
Group                  Internal  Switching    Leakage      Total
                          Power      Power      Power      Power (Watts)
----------------------------------------------------------------
Sequential             1.08e-04   2.23e-06   1.02e-08   1.10e-04   0.2%
Combinational          1.48e-05   3.01e-05   1.73e-08   4.49e-05   0.1%
Clock                  0.00e+00   0.00e+00   0.00e+00   0.00e+00   0.0%
Macro                  0.00e+00   0.00e+00   0.00e+00   0.00e+00   0.0%
Pad                    4.02e-03   4.78e-02   3.39e-08   5.19e-02  99.7%
----------------------------------------------------------------
Total                  4.14e-03   4.79e-02   6.14e-08   5.20e-02 100.0%
                           8.0%      92.0%       0.0%

==========================================================================
02_fir_chip.gpl1 report_design_area
--------------------------------------------------------------------------

==========================================================================
02_fir_chip.gpl1 area by hierarchy
--------------------------------------------------------------------------

--------------------------------------------------------------------------------
Design Area Summary
--------------------------------------------------------------------------------
Die Area:              3097600.0 um2
Core Area:             1764086.688 um2
Total Area:            1365398.6368 um2
Total Active Area:     2398.6368 um2

Core Utilization:      0.0013597046088020819
Std Cell Utilization:  0.0013597046088020819

--------------------------------------------------------------------------------
Hierarchical Area Report
--------------------------------------------------------------------------------
                                                                                Global Area (um^2)                                                              Global Instances                                                                Local Area (um^2)                                                               Local Instances
                                                                                ------------------------------------------------------------------------------- ------------------------------------------------------------------------------- ------------------------------------------------------------------------------- ----------------------------------------------------------------------------
Hierarchy Name                                                                  Total           StdCell         Macro           Cover           Pad             Total           StdCell         Macro           Cover           Pad             Total           StdCell         Macro           Cover           Pad             Total           StdCell         Macro           Cover           Pad             
-----------------------------------------------------------------------------------------------------------------------------------------------------------------------------------------------------------------------------------------------------------------------------------------------------------------------------------------------------------------------------------------------------------
<top>                                                                           1365398.637     2398.637        0.000           225400.000      1137600.000     471             175             0               46              250             1365398.637     2398.637        0.000           225400.000      1137600.000     471             175             0               46              250             
