ibex_wrap/u_ibex_top.core_busy_q_2__reg
ibex_wrap/u_ibex_top.crash_dump_o_100__reg
ibex_wrap/u_ibex_top.crash_dump_o_101__reg
ibex_wrap/u_ibex_top.crash_dump_o_102__reg
ibex_wrap/u_ibex_top.crash_dump_o_103__reg
ibex_wrap/u_ibex_top.crash_dump_o_104__reg
ibex_wrap/u_ibex_top.crash_dump_o_105__reg
ibex_wrap/u_ibex_top.crash_dump_o_106__reg
ibex_wrap/u_ibex_top.crash_dump_o_107__reg
ibex_wrap/u_ibex_top.crash_dump_o_108__reg
ibex_wrap/u_ibex_top.crash_dump_o_109__reg
ibex_wrap/u_ibex_top.crash_dump_o_110__reg
ibex_wrap/u_ibex_top.crash_dump_o_111__reg
ibex_wrap/u_ibex_top.crash_dump_o_112__reg
ibex_wrap/u_ibex_top.crash_dump_o_113__reg
ibex_wrap/u_ibex_top.crash_dump_o_114__reg
ibex_wrap/u_ibex_top.crash_dump_o_115__reg
ibex_wrap/u_ibex_top.crash_dump_o_116__reg
ibex_wrap/u_ibex_top.crash_dump_o_117__reg
ibex_wrap/u_ibex_top.crash_dump_o_118__reg
ibex_wrap/u_ibex_top.crash_dump_o_119__reg
ibex_wrap/u_ibex_top.crash_dump_o_120__reg
ibex_wrap/u_ibex_top.crash_dump_o_121__reg
ibex_wrap/u_ibex_top.crash_dump_o_122__reg
ibex_wrap/u_ibex_top.crash_dump_o_123__reg
ibex_wrap/u_ibex_top.crash_dump_o_124__reg
ibex_wrap/u_ibex_top.crash_dump_o_125__reg
ibex_wrap/u_ibex_top.crash_dump_o_126__reg
ibex_wrap/u_ibex_top.crash_dump_o_127__reg
ibex_wrap/u_ibex_top.crash_dump_o_129__reg
ibex_wrap/u_ibex_top.crash_dump_o_130__reg
ibex_wrap/u_ibex_top.crash_dump_o_131__reg
ibex_wrap/u_ibex_top.crash_dump_o_132__reg
ibex_wrap/u_ibex_top.crash_dump_o_133__reg
ibex_wrap/u_ibex_top.crash_dump_o_134__reg
ibex_wrap/u_ibex_top.crash_dump_o_135__reg
ibex_wrap/u_ibex_top.crash_dump_o_136__reg
ibex_wrap/u_ibex_top.crash_dump_o_137__reg
ibex_wrap/u_ibex_top.crash_dump_o_138__reg
ibex_wrap/u_ibex_top.crash_dump_o_139__reg
ibex_wrap/u_ibex_top.crash_dump_o_140__reg
ibex_wrap/u_ibex_top.crash_dump_o_141__reg
ibex_wrap/u_ibex_top.crash_dump_o_142__reg
ibex_wrap/u_ibex_top.crash_dump_o_143__reg
ibex_wrap/u_ibex_top.crash_dump_o_144__reg
ibex_wrap/u_ibex_top.crash_dump_o_145__reg
ibex_wrap/u_ibex_top.crash_dump_o_146__reg
ibex_wrap/u_ibex_top.crash_dump_o_147__reg
ibex_wrap/u_ibex_top.crash_dump_o_148__reg
ibex_wrap/u_ibex_top.crash_dump_o_149__reg
ibex_wrap/u_ibex_top.crash_dump_o_150__reg
ibex_wrap/u_ibex_top.crash_dump_o_151__reg
ibex_wrap/u_ibex_top.crash_dump_o_152__reg
ibex_wrap/u_ibex_top.crash_dump_o_153__reg
ibex_wrap/u_ibex_top.crash_dump_o_154__reg
ibex_wrap/u_ibex_top.crash_dump_o_155__reg
ibex_wrap/u_ibex_top.crash_dump_o_156__reg
ibex_wrap/u_ibex_top.crash_dump_o_157__reg
ibex_wrap/u_ibex_top.crash_dump_o_158__reg
ibex_wrap/u_ibex_top.crash_dump_o_159__reg
ibex_wrap/u_ibex_top.crash_dump_o_33__reg
ibex_wrap/u_ibex_top.crash_dump_o_34__reg
ibex_wrap/u_ibex_top.crash_dump_o_35__reg
ibex_wrap/u_ibex_top.crash_dump_o_36__reg
ibex_wrap/u_ibex_top.crash_dump_o_37__reg
ibex_wrap/u_ibex_top.crash_dump_o_38__reg
ibex_wrap/u_ibex_top.crash_dump_o_39__reg
ibex_wrap/u_ibex_top.crash_dump_o_40__reg
ibex_wrap/u_ibex_top.crash_dump_o_41__reg
ibex_wrap/u_ibex_top.crash_dump_o_42__reg
ibex_wrap/u_ibex_top.crash_dump_o_43__reg
ibex_wrap/u_ibex_top.crash_dump_o_44__reg
ibex_wrap/u_ibex_top.crash_dump_o_45__reg
ibex_wrap/u_ibex_top.crash_dump_o_46__reg
ibex_wrap/u_ibex_top.crash_dump_o_47__reg
ibex_wrap/u_ibex_top.crash_dump_o_48__reg
ibex_wrap/u_ibex_top.crash_dump_o_49__reg
ibex_wrap/u_ibex_top.crash_dump_o_50__reg
ibex_wrap/u_ibex_top.crash_dump_o_51__reg
ibex_wrap/u_ibex_top.crash_dump_o_52__reg
ibex_wrap/u_ibex_top.crash_dump_o_53__reg
ibex_wrap/u_ibex_top.crash_dump_o_54__reg
ibex_wrap/u_ibex_top.crash_dump_o_55__reg
ibex_wrap/u_ibex_top.crash_dump_o_56__reg
ibex_wrap/u_ibex_top.crash_dump_o_57__reg
ibex_wrap/u_ibex_top.crash_dump_o_58__reg
ibex_wrap/u_ibex_top.crash_dump_o_59__reg
ibex_wrap/u_ibex_top.crash_dump_o_60__reg
ibex_wrap/u_ibex_top.crash_dump_o_61__reg
ibex_wrap/u_ibex_top.crash_dump_o_62__reg
ibex_wrap/u_ibex_top.crash_dump_o_63__reg
ibex_wrap/u_ibex_top.crash_dump_o_64__reg
ibex_wrap/u_ibex_top.crash_dump_o_65__reg
ibex_wrap/u_ibex_top.crash_dump_o_66__reg
ibex_wrap/u_ibex_top.crash_dump_o_67__reg
ibex_wrap/u_ibex_top.crash_dump_o_68__reg
ibex_wrap/u_ibex_top.crash_dump_o_69__reg
ibex_wrap/u_ibex_top.crash_dump_o_70__reg
ibex_wrap/u_ibex_top.crash_dump_o_97__reg
ibex_wrap/u_ibex_top.crash_dump_o_98__reg
ibex_wrap/u_ibex_top.crash_dump_o_99__reg
ibex_wrap/u_ibex_top.gen_regfile_ff.register_file_i.g_rf_flops[10].rf_reg_q_0__reg
ibex_wrap/u_ibex_top.gen_regfile_ff.register_file_i.g_rf_flops[10].rf_reg_q_10__reg
ibex_wrap/u_ibex_top.gen_regfile_ff.register_file_i.g_rf_flops[10].rf_reg_q_11__reg
ibex_wrap/u_ibex_top.gen_regfile_ff.register_file_i.g_rf_flops[10].rf_reg_q_12__reg
ibex_wrap/u_ibex_top.gen_regfile_ff.register_file_i.g_rf_flops[10].rf_reg_q_13__reg
ibex_wrap/u_ibex_top.gen_regfile_ff.register_file_i.g_rf_flops[10].rf_reg_q_14__reg
ibex_wrap/u_ibex_top.gen_regfile_ff.register_file_i.g_rf_flops[10].rf_reg_q_15__reg
ibex_wrap/u_ibex_top.gen_regfile_ff.register_file_i.g_rf_flops[10].rf_reg_q_16__reg
ibex_wrap/u_ibex_top.gen_regfile_ff.register_file_i.g_rf_flops[10].rf_reg_q_17__reg
ibex_wrap/u_ibex_top.gen_regfile_ff.register_file_i.g_rf_flops[10].rf_reg_q_18__reg
ibex_wrap/u_ibex_top.gen_regfile_ff.register_file_i.g_rf_flops[10].rf_reg_q_19__reg
ibex_wrap/u_ibex_top.gen_regfile_ff.register_file_i.g_rf_flops[10].rf_reg_q_1__reg
ibex_wrap/u_ibex_top.gen_regfile_ff.register_file_i.g_rf_flops[10].rf_reg_q_20__reg
ibex_wrap/u_ibex_top.gen_regfile_ff.register_file_i.g_rf_flops[10].rf_reg_q_21__reg
ibex_wrap/u_ibex_top.gen_regfile_ff.register_file_i.g_rf_flops[10].rf_reg_q_22__reg
ibex_wrap/u_ibex_top.gen_regfile_ff.register_file_i.g_rf_flops[10].rf_reg_q_23__reg
ibex_wrap/u_ibex_top.gen_regfile_ff.register_file_i.g_rf_flops[10].rf_reg_q_24__reg
ibex_wrap/u_ibex_top.gen_regfile_ff.register_file_i.g_rf_flops[10].rf_reg_q_25__reg
ibex_wrap/u_ibex_top.gen_regfile_ff.register_file_i.g_rf_flops[10].rf_reg_q_26__reg
ibex_wrap/u_ibex_top.gen_regfile_ff.register_file_i.g_rf_flops[10].rf_reg_q_27__reg
ibex_wrap/u_ibex_top.gen_regfile_ff.register_file_i.g_rf_flops[10].rf_reg_q_28__reg
ibex_wrap/u_ibex_top.gen_regfile_ff.register_file_i.g_rf_flops[10].rf_reg_q_29__reg
ibex_wrap/u_ibex_top.gen_regfile_ff.register_file_i.g_rf_flops[10].rf_reg_q_2__reg
ibex_wrap/u_ibex_top.gen_regfile_ff.register_file_i.g_rf_flops[10].rf_reg_q_30__reg
ibex_wrap/u_ibex_top.gen_regfile_ff.register_file_i.g_rf_flops[10].rf_reg_q_31__reg
ibex_wrap/u_ibex_top.gen_regfile_ff.register_file_i.g_rf_flops[10].rf_reg_q_3__reg
ibex_wrap/u_ibex_top.gen_regfile_ff.register_file_i.g_rf_flops[10].rf_reg_q_4__reg
ibex_wrap/u_ibex_top.gen_regfile_ff.register_file_i.g_rf_flops[10].rf_reg_q_5__reg
ibex_wrap/u_ibex_top.gen_regfile_ff.register_file_i.g_rf_flops[10].rf_reg_q_6__reg
ibex_wrap/u_ibex_top.gen_regfile_ff.register_file_i.g_rf_flops[10].rf_reg_q_7__reg
ibex_wrap/u_ibex_top.gen_regfile_ff.register_file_i.g_rf_flops[10].rf_reg_q_8__reg
ibex_wrap/u_ibex_top.gen_regfile_ff.register_file_i.g_rf_flops[10].rf_reg_q_9__reg
ibex_wrap/u_ibex_top.gen_regfile_ff.register_file_i.g_rf_flops[11].rf_reg_q_0__reg
ibex_wrap/u_ibex_top.gen_regfile_ff.register_file_i.g_rf_flops[11].rf_reg_q_10__reg
ibex_wrap/u_ibex_top.gen_regfile_ff.register_file_i.g_rf_flops[11].rf_reg_q_11__reg
ibex_wrap/u_ibex_top.gen_regfile_ff.register_file_i.g_rf_flops[11].rf_reg_q_12__reg
ibex_wrap/u_ibex_top.gen_regfile_ff.register_file_i.g_rf_flops[11].rf_reg_q_13__reg
ibex_wrap/u_ibex_top.gen_regfile_ff.register_file_i.g_rf_flops[11].rf_reg_q_14__reg
ibex_wrap/u_ibex_top.gen_regfile_ff.register_file_i.g_rf_flops[11].rf_reg_q_15__reg
ibex_wrap/u_ibex_top.gen_regfile_ff.register_file_i.g_rf_flops[11].rf_reg_q_16__reg
ibex_wrap/u_ibex_top.gen_regfile_ff.register_file_i.g_rf_flops[11].rf_reg_q_17__reg
ibex_wrap/u_ibex_top.gen_regfile_ff.register_file_i.g_rf_flops[11].rf_reg_q_18__reg
ibex_wrap/u_ibex_top.gen_regfile_ff.register_file_i.g_rf_flops[11].rf_reg_q_19__reg
ibex_wrap/u_ibex_top.gen_regfile_ff.register_file_i.g_rf_flops[11].rf_reg_q_1__reg
ibex_wrap/u_ibex_top.gen_regfile_ff.register_file_i.g_rf_flops[11].rf_reg_q_20__reg
ibex_wrap/u_ibex_top.gen_regfile_ff.register_file_i.g_rf_flops[11].rf_reg_q_21__reg
ibex_wrap/u_ibex_top.gen_regfile_ff.register_file_i.g_rf_flops[11].rf_reg_q_22__reg
ibex_wrap/u_ibex_top.gen_regfile_ff.register_file_i.g_rf_flops[11].rf_reg_q_23__reg
ibex_wrap/u_ibex_top.gen_regfile_ff.register_file_i.g_rf_flops[11].rf_reg_q_24__reg
ibex_wrap/u_ibex_top.gen_regfile_ff.register_file_i.g_rf_flops[11].rf_reg_q_25__reg
ibex_wrap/u_ibex_top.gen_regfile_ff.register_file_i.g_rf_flops[11].rf_reg_q_26__reg
ibex_wrap/u_ibex_top.gen_regfile_ff.register_file_i.g_rf_flops[11].rf_reg_q_27__reg
ibex_wrap/u_ibex_top.gen_regfile_ff.register_file_i.g_rf_flops[11].rf_reg_q_28__reg
ibex_wrap/u_ibex_top.gen_regfile_ff.register_file_i.g_rf_flops[11].rf_reg_q_29__reg
ibex_wrap/u_ibex_top.gen_regfile_ff.register_file_i.g_rf_flops[11].rf_reg_q_2__reg
ibex_wrap/u_ibex_top.gen_regfile_ff.register_file_i.g_rf_flops[11].rf_reg_q_30__reg
ibex_wrap/u_ibex_top.gen_regfile_ff.register_file_i.g_rf_flops[11].rf_reg_q_31__reg
ibex_wrap/u_ibex_top.gen_regfile_ff.register_file_i.g_rf_flops[11].rf_reg_q_3__reg
ibex_wrap/u_ibex_top.gen_regfile_ff.register_file_i.g_rf_flops[11].rf_reg_q_4__reg
ibex_wrap/u_ibex_top.gen_regfile_ff.register_file_i.g_rf_flops[11].rf_reg_q_5__reg
ibex_wrap/u_ibex_top.gen_regfile_ff.register_file_i.g_rf_flops[11].rf_reg_q_6__reg
ibex_wrap/u_ibex_top.gen_regfile_ff.register_file_i.g_rf_flops[11].rf_reg_q_7__reg
ibex_wrap/u_ibex_top.gen_regfile_ff.register_file_i.g_rf_flops[11].rf_reg_q_8__reg
ibex_wrap/u_ibex_top.gen_regfile_ff.register_file_i.g_rf_flops[11].rf_reg_q_9__reg
ibex_wrap/u_ibex_top.gen_regfile_ff.register_file_i.g_rf_flops[12].rf_reg_q_0__reg
ibex_wrap/u_ibex_top.gen_regfile_ff.register_file_i.g_rf_flops[12].rf_reg_q_10__reg
ibex_wrap/u_ibex_top.gen_regfile_ff.register_file_i.g_rf_flops[12].rf_reg_q_11__reg
ibex_wrap/u_ibex_top.gen_regfile_ff.register_file_i.g_rf_flops[12].rf_reg_q_12__reg
ibex_wrap/u_ibex_top.gen_regfile_ff.register_file_i.g_rf_flops[12].rf_reg_q_13__reg
ibex_wrap/u_ibex_top.gen_regfile_ff.register_file_i.g_rf_flops[12].rf_reg_q_14__reg
ibex_wrap/u_ibex_top.gen_regfile_ff.register_file_i.g_rf_flops[12].rf_reg_q_15__reg
ibex_wrap/u_ibex_top.gen_regfile_ff.register_file_i.g_rf_flops[12].rf_reg_q_16__reg
ibex_wrap/u_ibex_top.gen_regfile_ff.register_file_i.g_rf_flops[12].rf_reg_q_17__reg
ibex_wrap/u_ibex_top.gen_regfile_ff.register_file_i.g_rf_flops[12].rf_reg_q_18__reg
ibex_wrap/u_ibex_top.gen_regfile_ff.register_file_i.g_rf_flops[12].rf_reg_q_19__reg
ibex_wrap/u_ibex_top.gen_regfile_ff.register_file_i.g_rf_flops[12].rf_reg_q_1__reg
ibex_wrap/u_ibex_top.gen_regfile_ff.register_file_i.g_rf_flops[12].rf_reg_q_20__reg
ibex_wrap/u_ibex_top.gen_regfile_ff.register_file_i.g_rf_flops[12].rf_reg_q_21__reg
ibex_wrap/u_ibex_top.gen_regfile_ff.register_file_i.g_rf_flops[12].rf_reg_q_22__reg
ibex_wrap/u_ibex_top.gen_regfile_ff.register_file_i.g_rf_flops[12].rf_reg_q_23__reg
ibex_wrap/u_ibex_top.gen_regfile_ff.register_file_i.g_rf_flops[12].rf_reg_q_24__reg
ibex_wrap/u_ibex_top.gen_regfile_ff.register_file_i.g_rf_flops[12].rf_reg_q_25__reg
ibex_wrap/u_ibex_top.gen_regfile_ff.register_file_i.g_rf_flops[12].rf_reg_q_26__reg
ibex_wrap/u_ibex_top.gen_regfile_ff.register_file_i.g_rf_flops[12].rf_reg_q_27__reg
ibex_wrap/u_ibex_top.gen_regfile_ff.register_file_i.g_rf_flops[12].rf_reg_q_28__reg
ibex_wrap/u_ibex_top.gen_regfile_ff.register_file_i.g_rf_flops[12].rf_reg_q_29__reg
ibex_wrap/u_ibex_top.gen_regfile_ff.register_file_i.g_rf_flops[12].rf_reg_q_2__reg
ibex_wrap/u_ibex_top.gen_regfile_ff.register_file_i.g_rf_flops[12].rf_reg_q_30__reg
ibex_wrap/u_ibex_top.gen_regfile_ff.register_file_i.g_rf_flops[12].rf_reg_q_31__reg
ibex_wrap/u_ibex_top.gen_regfile_ff.register_file_i.g_rf_flops[12].rf_reg_q_3__reg
ibex_wrap/u_ibex_top.gen_regfile_ff.register_file_i.g_rf_flops[12].rf_reg_q_4__reg
ibex_wrap/u_ibex_top.gen_regfile_ff.register_file_i.g_rf_flops[12].rf_reg_q_5__reg
ibex_wrap/u_ibex_top.gen_regfile_ff.register_file_i.g_rf_flops[12].rf_reg_q_6__reg
ibex_wrap/u_ibex_top.gen_regfile_ff.register_file_i.g_rf_flops[12].rf_reg_q_7__reg
ibex_wrap/u_ibex_top.gen_regfile_ff.register_file_i.g_rf_flops[12].rf_reg_q_8__reg
ibex_wrap/u_ibex_top.gen_regfile_ff.register_file_i.g_rf_flops[12].rf_reg_q_9__reg
ibex_wrap/u_ibex_top.gen_regfile_ff.register_file_i.g_rf_flops[13].rf_reg_q_0__reg
ibex_wrap/u_ibex_top.gen_regfile_ff.register_file_i.g_rf_flops[13].rf_reg_q_10__reg
ibex_wrap/u_ibex_top.gen_regfile_ff.register_file_i.g_rf_flops[13].rf_reg_q_11__reg
ibex_wrap/u_ibex_top.gen_regfile_ff.register_file_i.g_rf_flops[13].rf_reg_q_12__reg
ibex_wrap/u_ibex_top.gen_regfile_ff.register_file_i.g_rf_flops[13].rf_reg_q_13__reg
ibex_wrap/u_ibex_top.gen_regfile_ff.register_file_i.g_rf_flops[13].rf_reg_q_14__reg
ibex_wrap/u_ibex_top.gen_regfile_ff.register_file_i.g_rf_flops[13].rf_reg_q_15__reg
ibex_wrap/u_ibex_top.gen_regfile_ff.register_file_i.g_rf_flops[13].rf_reg_q_16__reg
ibex_wrap/u_ibex_top.gen_regfile_ff.register_file_i.g_rf_flops[13].rf_reg_q_17__reg
ibex_wrap/u_ibex_top.gen_regfile_ff.register_file_i.g_rf_flops[13].rf_reg_q_18__reg
ibex_wrap/u_ibex_top.gen_regfile_ff.register_file_i.g_rf_flops[13].rf_reg_q_19__reg
ibex_wrap/u_ibex_top.gen_regfile_ff.register_file_i.g_rf_flops[13].rf_reg_q_1__reg
ibex_wrap/u_ibex_top.gen_regfile_ff.register_file_i.g_rf_flops[13].rf_reg_q_20__reg
ibex_wrap/u_ibex_top.gen_regfile_ff.register_file_i.g_rf_flops[13].rf_reg_q_21__reg
ibex_wrap/u_ibex_top.gen_regfile_ff.register_file_i.g_rf_flops[13].rf_reg_q_22__reg
ibex_wrap/u_ibex_top.gen_regfile_ff.register_file_i.g_rf_flops[13].rf_reg_q_23__reg
ibex_wrap/u_ibex_top.gen_regfile_ff.register_file_i.g_rf_flops[13].rf_reg_q_24__reg
ibex_wrap/u_ibex_top.gen_regfile_ff.register_file_i.g_rf_flops[13].rf_reg_q_25__reg
ibex_wrap/u_ibex_top.gen_regfile_ff.register_file_i.g_rf_flops[13].rf_reg_q_26__reg
ibex_wrap/u_ibex_top.gen_regfile_ff.register_file_i.g_rf_flops[13].rf_reg_q_27__reg
ibex_wrap/u_ibex_top.gen_regfile_ff.register_file_i.g_rf_flops[13].rf_reg_q_28__reg
ibex_wrap/u_ibex_top.gen_regfile_ff.register_file_i.g_rf_flops[13].rf_reg_q_29__reg
ibex_wrap/u_ibex_top.gen_regfile_ff.register_file_i.g_rf_flops[13].rf_reg_q_2__reg
ibex_wrap/u_ibex_top.gen_regfile_ff.register_file_i.g_rf_flops[13].rf_reg_q_30__reg
ibex_wrap/u_ibex_top.gen_regfile_ff.register_file_i.g_rf_flops[13].rf_reg_q_31__reg
ibex_wrap/u_ibex_top.gen_regfile_ff.register_file_i.g_rf_flops[13].rf_reg_q_3__reg
ibex_wrap/u_ibex_top.gen_regfile_ff.register_file_i.g_rf_flops[13].rf_reg_q_4__reg
ibex_wrap/u_ibex_top.gen_regfile_ff.register_file_i.g_rf_flops[13].rf_reg_q_5__reg
ibex_wrap/u_ibex_top.gen_regfile_ff.register_file_i.g_rf_flops[13].rf_reg_q_6__reg
ibex_wrap/u_ibex_top.gen_regfile_ff.register_file_i.g_rf_flops[13].rf_reg_q_7__reg
ibex_wrap/u_ibex_top.gen_regfile_ff.register_file_i.g_rf_flops[13].rf_reg_q_8__reg
ibex_wrap/u_ibex_top.gen_regfile_ff.register_file_i.g_rf_flops[13].rf_reg_q_9__reg
ibex_wrap/u_ibex_top.gen_regfile_ff.register_file_i.g_rf_flops[14].rf_reg_q_0__reg
ibex_wrap/u_ibex_top.gen_regfile_ff.register_file_i.g_rf_flops[14].rf_reg_q_10__reg
ibex_wrap/u_ibex_top.gen_regfile_ff.register_file_i.g_rf_flops[14].rf_reg_q_11__reg
ibex_wrap/u_ibex_top.gen_regfile_ff.register_file_i.g_rf_flops[14].rf_reg_q_12__reg
ibex_wrap/u_ibex_top.gen_regfile_ff.register_file_i.g_rf_flops[14].rf_reg_q_13__reg
ibex_wrap/u_ibex_top.gen_regfile_ff.register_file_i.g_rf_flops[14].rf_reg_q_14__reg
ibex_wrap/u_ibex_top.gen_regfile_ff.register_file_i.g_rf_flops[14].rf_reg_q_15__reg
ibex_wrap/u_ibex_top.gen_regfile_ff.register_file_i.g_rf_flops[14].rf_reg_q_16__reg
ibex_wrap/u_ibex_top.gen_regfile_ff.register_file_i.g_rf_flops[14].rf_reg_q_17__reg
ibex_wrap/u_ibex_top.gen_regfile_ff.register_file_i.g_rf_flops[14].rf_reg_q_18__reg
ibex_wrap/u_ibex_top.gen_regfile_ff.register_file_i.g_rf_flops[14].rf_reg_q_19__reg
ibex_wrap/u_ibex_top.gen_regfile_ff.register_file_i.g_rf_flops[14].rf_reg_q_1__reg
ibex_wrap/u_ibex_top.gen_regfile_ff.register_file_i.g_rf_flops[14].rf_reg_q_20__reg
ibex_wrap/u_ibex_top.gen_regfile_ff.register_file_i.g_rf_flops[14].rf_reg_q_21__reg
ibex_wrap/u_ibex_top.gen_regfile_ff.register_file_i.g_rf_flops[14].rf_reg_q_22__reg
ibex_wrap/u_ibex_top.gen_regfile_ff.register_file_i.g_rf_flops[14].rf_reg_q_23__reg
ibex_wrap/u_ibex_top.gen_regfile_ff.register_file_i.g_rf_flops[14].rf_reg_q_24__reg
ibex_wrap/u_ibex_top.gen_regfile_ff.register_file_i.g_rf_flops[14].rf_reg_q_25__reg
ibex_wrap/u_ibex_top.gen_regfile_ff.register_file_i.g_rf_flops[14].rf_reg_q_26__reg
ibex_wrap/u_ibex_top.gen_regfile_ff.register_file_i.g_rf_flops[14].rf_reg_q_27__reg
ibex_wrap/u_ibex_top.gen_regfile_ff.register_file_i.g_rf_flops[14].rf_reg_q_28__reg
ibex_wrap/u_ibex_top.gen_regfile_ff.register_file_i.g_rf_flops[14].rf_reg_q_29__reg
ibex_wrap/u_ibex_top.gen_regfile_ff.register_file_i.g_rf_flops[14].rf_reg_q_2__reg
ibex_wrap/u_ibex_top.gen_regfile_ff.register_file_i.g_rf_flops[14].rf_reg_q_30__reg
ibex_wrap/u_ibex_top.gen_regfile_ff.register_file_i.g_rf_flops[14].rf_reg_q_31__reg
ibex_wrap/u_ibex_top.gen_regfile_ff.register_file_i.g_rf_flops[14].rf_reg_q_3__reg
ibex_wrap/u_ibex_top.gen_regfile_ff.register_file_i.g_rf_flops[14].rf_reg_q_4__reg
ibex_wrap/u_ibex_top.gen_regfile_ff.register_file_i.g_rf_flops[14].rf_reg_q_5__reg
ibex_wrap/u_ibex_top.gen_regfile_ff.register_file_i.g_rf_flops[14].rf_reg_q_6__reg
ibex_wrap/u_ibex_top.gen_regfile_ff.register_file_i.g_rf_flops[14].rf_reg_q_7__reg
ibex_wrap/u_ibex_top.gen_regfile_ff.register_file_i.g_rf_flops[14].rf_reg_q_8__reg
ibex_wrap/u_ibex_top.gen_regfile_ff.register_file_i.g_rf_flops[14].rf_reg_q_9__reg
ibex_wrap/u_ibex_top.gen_regfile_ff.register_file_i.g_rf_flops[15].rf_reg_q_0__reg
ibex_wrap/u_ibex_top.gen_regfile_ff.register_file_i.g_rf_flops[15].rf_reg_q_10__reg
ibex_wrap/u_ibex_top.gen_regfile_ff.register_file_i.g_rf_flops[15].rf_reg_q_11__reg
ibex_wrap/u_ibex_top.gen_regfile_ff.register_file_i.g_rf_flops[15].rf_reg_q_12__reg
ibex_wrap/u_ibex_top.gen_regfile_ff.register_file_i.g_rf_flops[15].rf_reg_q_13__reg
ibex_wrap/u_ibex_top.gen_regfile_ff.register_file_i.g_rf_flops[15].rf_reg_q_14__reg
ibex_wrap/u_ibex_top.gen_regfile_ff.register_file_i.g_rf_flops[15].rf_reg_q_15__reg
ibex_wrap/u_ibex_top.gen_regfile_ff.register_file_i.g_rf_flops[15].rf_reg_q_16__reg
ibex_wrap/u_ibex_top.gen_regfile_ff.register_file_i.g_rf_flops[15].rf_reg_q_17__reg
ibex_wrap/u_ibex_top.gen_regfile_ff.register_file_i.g_rf_flops[15].rf_reg_q_18__reg
ibex_wrap/u_ibex_top.gen_regfile_ff.register_file_i.g_rf_flops[15].rf_reg_q_19__reg
ibex_wrap/u_ibex_top.gen_regfile_ff.register_file_i.g_rf_flops[15].rf_reg_q_1__reg
ibex_wrap/u_ibex_top.gen_regfile_ff.register_file_i.g_rf_flops[15].rf_reg_q_20__reg
ibex_wrap/u_ibex_top.gen_regfile_ff.register_file_i.g_rf_flops[15].rf_reg_q_21__reg
ibex_wrap/u_ibex_top.gen_regfile_ff.register_file_i.g_rf_flops[15].rf_reg_q_22__reg
ibex_wrap/u_ibex_top.gen_regfile_ff.register_file_i.g_rf_flops[15].rf_reg_q_23__reg
ibex_wrap/u_ibex_top.gen_regfile_ff.register_file_i.g_rf_flops[15].rf_reg_q_24__reg
ibex_wrap/u_ibex_top.gen_regfile_ff.register_file_i.g_rf_flops[15].rf_reg_q_25__reg
ibex_wrap/u_ibex_top.gen_regfile_ff.register_file_i.g_rf_flops[15].rf_reg_q_26__reg
ibex_wrap/u_ibex_top.gen_regfile_ff.register_file_i.g_rf_flops[15].rf_reg_q_27__reg
ibex_wrap/u_ibex_top.gen_regfile_ff.register_file_i.g_rf_flops[15].rf_reg_q_28__reg
ibex_wrap/u_ibex_top.gen_regfile_ff.register_file_i.g_rf_flops[15].rf_reg_q_29__reg
ibex_wrap/u_ibex_top.gen_regfile_ff.register_file_i.g_rf_flops[15].rf_reg_q_2__reg
ibex_wrap/u_ibex_top.gen_regfile_ff.register_file_i.g_rf_flops[15].rf_reg_q_30__reg
ibex_wrap/u_ibex_top.gen_regfile_ff.register_file_i.g_rf_flops[15].rf_reg_q_31__reg
ibex_wrap/u_ibex_top.gen_regfile_ff.register_file_i.g_rf_flops[15].rf_reg_q_3__reg
ibex_wrap/u_ibex_top.gen_regfile_ff.register_file_i.g_rf_flops[15].rf_reg_q_4__reg
ibex_wrap/u_ibex_top.gen_regfile_ff.register_file_i.g_rf_flops[15].rf_reg_q_5__reg
ibex_wrap/u_ibex_top.gen_regfile_ff.register_file_i.g_rf_flops[15].rf_reg_q_6__reg
ibex_wrap/u_ibex_top.gen_regfile_ff.register_file_i.g_rf_flops[15].rf_reg_q_7__reg
ibex_wrap/u_ibex_top.gen_regfile_ff.register_file_i.g_rf_flops[15].rf_reg_q_8__reg
ibex_wrap/u_ibex_top.gen_regfile_ff.register_file_i.g_rf_flops[15].rf_reg_q_9__reg
ibex_wrap/u_ibex_top.gen_regfile_ff.register_file_i.g_rf_flops[1].rf_reg_q_0__reg
ibex_wrap/u_ibex_top.gen_regfile_ff.register_file_i.g_rf_flops[1].rf_reg_q_10__reg
ibex_wrap/u_ibex_top.gen_regfile_ff.register_file_i.g_rf_flops[1].rf_reg_q_11__reg
ibex_wrap/u_ibex_top.gen_regfile_ff.register_file_i.g_rf_flops[1].rf_reg_q_12__reg
ibex_wrap/u_ibex_top.gen_regfile_ff.register_file_i.g_rf_flops[1].rf_reg_q_13__reg
ibex_wrap/u_ibex_top.gen_regfile_ff.register_file_i.g_rf_flops[1].rf_reg_q_14__reg
ibex_wrap/u_ibex_top.gen_regfile_ff.register_file_i.g_rf_flops[1].rf_reg_q_15__reg
ibex_wrap/u_ibex_top.gen_regfile_ff.register_file_i.g_rf_flops[1].rf_reg_q_16__reg
ibex_wrap/u_ibex_top.gen_regfile_ff.register_file_i.g_rf_flops[1].rf_reg_q_17__reg
ibex_wrap/u_ibex_top.gen_regfile_ff.register_file_i.g_rf_flops[1].rf_reg_q_18__reg
ibex_wrap/u_ibex_top.gen_regfile_ff.register_file_i.g_rf_flops[1].rf_reg_q_19__reg
ibex_wrap/u_ibex_top.gen_regfile_ff.register_file_i.g_rf_flops[1].rf_reg_q_1__reg
ibex_wrap/u_ibex_top.gen_regfile_ff.register_file_i.g_rf_flops[1].rf_reg_q_20__reg
ibex_wrap/u_ibex_top.gen_regfile_ff.register_file_i.g_rf_flops[1].rf_reg_q_21__reg
ibex_wrap/u_ibex_top.gen_regfile_ff.register_file_i.g_rf_flops[1].rf_reg_q_22__reg
ibex_wrap/u_ibex_top.gen_regfile_ff.register_file_i.g_rf_flops[1].rf_reg_q_23__reg
ibex_wrap/u_ibex_top.gen_regfile_ff.register_file_i.g_rf_flops[1].rf_reg_q_24__reg
ibex_wrap/u_ibex_top.gen_regfile_ff.register_file_i.g_rf_flops[1].rf_reg_q_25__reg
ibex_wrap/u_ibex_top.gen_regfile_ff.register_file_i.g_rf_flops[1].rf_reg_q_26__reg
ibex_wrap/u_ibex_top.gen_regfile_ff.register_file_i.g_rf_flops[1].rf_reg_q_27__reg
ibex_wrap/u_ibex_top.gen_regfile_ff.register_file_i.g_rf_flops[1].rf_reg_q_28__reg
ibex_wrap/u_ibex_top.gen_regfile_ff.register_file_i.g_rf_flops[1].rf_reg_q_29__reg
ibex_wrap/u_ibex_top.gen_regfile_ff.register_file_i.g_rf_flops[1].rf_reg_q_2__reg
ibex_wrap/u_ibex_top.gen_regfile_ff.register_file_i.g_rf_flops[1].rf_reg_q_30__reg
ibex_wrap/u_ibex_top.gen_regfile_ff.register_file_i.g_rf_flops[1].rf_reg_q_31__reg
ibex_wrap/u_ibex_top.gen_regfile_ff.register_file_i.g_rf_flops[1].rf_reg_q_3__reg
ibex_wrap/u_ibex_top.gen_regfile_ff.register_file_i.g_rf_flops[1].rf_reg_q_4__reg
ibex_wrap/u_ibex_top.gen_regfile_ff.register_file_i.g_rf_flops[1].rf_reg_q_5__reg
ibex_wrap/u_ibex_top.gen_regfile_ff.register_file_i.g_rf_flops[1].rf_reg_q_6__reg
ibex_wrap/u_ibex_top.gen_regfile_ff.register_file_i.g_rf_flops[1].rf_reg_q_7__reg
ibex_wrap/u_ibex_top.gen_regfile_ff.register_file_i.g_rf_flops[1].rf_reg_q_8__reg
ibex_wrap/u_ibex_top.gen_regfile_ff.register_file_i.g_rf_flops[1].rf_reg_q_9__reg
ibex_wrap/u_ibex_top.gen_regfile_ff.register_file_i.g_rf_flops[2].rf_reg_q_0__reg
ibex_wrap/u_ibex_top.gen_regfile_ff.register_file_i.g_rf_flops[2].rf_reg_q_10__reg
ibex_wrap/u_ibex_top.gen_regfile_ff.register_file_i.g_rf_flops[2].rf_reg_q_11__reg
ibex_wrap/u_ibex_top.gen_regfile_ff.register_file_i.g_rf_flops[2].rf_reg_q_12__reg
ibex_wrap/u_ibex_top.gen_regfile_ff.register_file_i.g_rf_flops[2].rf_reg_q_13__reg
ibex_wrap/u_ibex_top.gen_regfile_ff.register_file_i.g_rf_flops[2].rf_reg_q_14__reg
ibex_wrap/u_ibex_top.gen_regfile_ff.register_file_i.g_rf_flops[2].rf_reg_q_15__reg
ibex_wrap/u_ibex_top.gen_regfile_ff.register_file_i.g_rf_flops[2].rf_reg_q_16__reg
ibex_wrap/u_ibex_top.gen_regfile_ff.register_file_i.g_rf_flops[2].rf_reg_q_17__reg
ibex_wrap/u_ibex_top.gen_regfile_ff.register_file_i.g_rf_flops[2].rf_reg_q_18__reg
ibex_wrap/u_ibex_top.gen_regfile_ff.register_file_i.g_rf_flops[2].rf_reg_q_19__reg
ibex_wrap/u_ibex_top.gen_regfile_ff.register_file_i.g_rf_flops[2].rf_reg_q_1__reg
ibex_wrap/u_ibex_top.gen_regfile_ff.register_file_i.g_rf_flops[2].rf_reg_q_20__reg
ibex_wrap/u_ibex_top.gen_regfile_ff.register_file_i.g_rf_flops[2].rf_reg_q_21__reg
ibex_wrap/u_ibex_top.gen_regfile_ff.register_file_i.g_rf_flops[2].rf_reg_q_22__reg
ibex_wrap/u_ibex_top.gen_regfile_ff.register_file_i.g_rf_flops[2].rf_reg_q_23__reg
ibex_wrap/u_ibex_top.gen_regfile_ff.register_file_i.g_rf_flops[2].rf_reg_q_24__reg
ibex_wrap/u_ibex_top.gen_regfile_ff.register_file_i.g_rf_flops[2].rf_reg_q_25__reg
ibex_wrap/u_ibex_top.gen_regfile_ff.register_file_i.g_rf_flops[2].rf_reg_q_26__reg
ibex_wrap/u_ibex_top.gen_regfile_ff.register_file_i.g_rf_flops[2].rf_reg_q_27__reg
ibex_wrap/u_ibex_top.gen_regfile_ff.register_file_i.g_rf_flops[2].rf_reg_q_28__reg
ibex_wrap/u_ibex_top.gen_regfile_ff.register_file_i.g_rf_flops[2].rf_reg_q_29__reg
ibex_wrap/u_ibex_top.gen_regfile_ff.register_file_i.g_rf_flops[2].rf_reg_q_2__reg
ibex_wrap/u_ibex_top.gen_regfile_ff.register_file_i.g_rf_flops[2].rf_reg_q_30__reg
ibex_wrap/u_ibex_top.gen_regfile_ff.register_file_i.g_rf_flops[2].rf_reg_q_31__reg
ibex_wrap/u_ibex_top.gen_regfile_ff.register_file_i.g_rf_flops[2].rf_reg_q_3__reg
ibex_wrap/u_ibex_top.gen_regfile_ff.register_file_i.g_rf_flops[2].rf_reg_q_4__reg
ibex_wrap/u_ibex_top.gen_regfile_ff.register_file_i.g_rf_flops[2].rf_reg_q_5__reg
ibex_wrap/u_ibex_top.gen_regfile_ff.register_file_i.g_rf_flops[2].rf_reg_q_6__reg
ibex_wrap/u_ibex_top.gen_regfile_ff.register_file_i.g_rf_flops[2].rf_reg_q_7__reg
ibex_wrap/u_ibex_top.gen_regfile_ff.register_file_i.g_rf_flops[2].rf_reg_q_8__reg
ibex_wrap/u_ibex_top.gen_regfile_ff.register_file_i.g_rf_flops[2].rf_reg_q_9__reg
ibex_wrap/u_ibex_top.gen_regfile_ff.register_file_i.g_rf_flops[3].rf_reg_q_0__reg
ibex_wrap/u_ibex_top.gen_regfile_ff.register_file_i.g_rf_flops[3].rf_reg_q_10__reg
ibex_wrap/u_ibex_top.gen_regfile_ff.register_file_i.g_rf_flops[3].rf_reg_q_11__reg
ibex_wrap/u_ibex_top.gen_regfile_ff.register_file_i.g_rf_flops[3].rf_reg_q_12__reg
ibex_wrap/u_ibex_top.gen_regfile_ff.register_file_i.g_rf_flops[3].rf_reg_q_13__reg
ibex_wrap/u_ibex_top.gen_regfile_ff.register_file_i.g_rf_flops[3].rf_reg_q_14__reg
ibex_wrap/u_ibex_top.gen_regfile_ff.register_file_i.g_rf_flops[3].rf_reg_q_15__reg
ibex_wrap/u_ibex_top.gen_regfile_ff.register_file_i.g_rf_flops[3].rf_reg_q_16__reg
ibex_wrap/u_ibex_top.gen_regfile_ff.register_file_i.g_rf_flops[3].rf_reg_q_17__reg
ibex_wrap/u_ibex_top.gen_regfile_ff.register_file_i.g_rf_flops[3].rf_reg_q_18__reg
ibex_wrap/u_ibex_top.gen_regfile_ff.register_file_i.g_rf_flops[3].rf_reg_q_19__reg
ibex_wrap/u_ibex_top.gen_regfile_ff.register_file_i.g_rf_flops[3].rf_reg_q_1__reg
ibex_wrap/u_ibex_top.gen_regfile_ff.register_file_i.g_rf_flops[3].rf_reg_q_20__reg
ibex_wrap/u_ibex_top.gen_regfile_ff.register_file_i.g_rf_flops[3].rf_reg_q_21__reg
ibex_wrap/u_ibex_top.gen_regfile_ff.register_file_i.g_rf_flops[3].rf_reg_q_22__reg
ibex_wrap/u_ibex_top.gen_regfile_ff.register_file_i.g_rf_flops[3].rf_reg_q_23__reg
ibex_wrap/u_ibex_top.gen_regfile_ff.register_file_i.g_rf_flops[3].rf_reg_q_24__reg
ibex_wrap/u_ibex_top.gen_regfile_ff.register_file_i.g_rf_flops[3].rf_reg_q_25__reg
ibex_wrap/u_ibex_top.gen_regfile_ff.register_file_i.g_rf_flops[3].rf_reg_q_26__reg
ibex_wrap/u_ibex_top.gen_regfile_ff.register_file_i.g_rf_flops[3].rf_reg_q_27__reg
ibex_wrap/u_ibex_top.gen_regfile_ff.register_file_i.g_rf_flops[3].rf_reg_q_28__reg
ibex_wrap/u_ibex_top.gen_regfile_ff.register_file_i.g_rf_flops[3].rf_reg_q_29__reg
ibex_wrap/u_ibex_top.gen_regfile_ff.register_file_i.g_rf_flops[3].rf_reg_q_2__reg
ibex_wrap/u_ibex_top.gen_regfile_ff.register_file_i.g_rf_flops[3].rf_reg_q_30__reg
ibex_wrap/u_ibex_top.gen_regfile_ff.register_file_i.g_rf_flops[3].rf_reg_q_31__reg
ibex_wrap/u_ibex_top.gen_regfile_ff.register_file_i.g_rf_flops[3].rf_reg_q_3__reg
ibex_wrap/u_ibex_top.gen_regfile_ff.register_file_i.g_rf_flops[3].rf_reg_q_4__reg
ibex_wrap/u_ibex_top.gen_regfile_ff.register_file_i.g_rf_flops[3].rf_reg_q_5__reg
ibex_wrap/u_ibex_top.gen_regfile_ff.register_file_i.g_rf_flops[3].rf_reg_q_6__reg
ibex_wrap/u_ibex_top.gen_regfile_ff.register_file_i.g_rf_flops[3].rf_reg_q_7__reg
ibex_wrap/u_ibex_top.gen_regfile_ff.register_file_i.g_rf_flops[3].rf_reg_q_8__reg
ibex_wrap/u_ibex_top.gen_regfile_ff.register_file_i.g_rf_flops[3].rf_reg_q_9__reg
ibex_wrap/u_ibex_top.gen_regfile_ff.register_file_i.g_rf_flops[4].rf_reg_q_0__reg
ibex_wrap/u_ibex_top.gen_regfile_ff.register_file_i.g_rf_flops[4].rf_reg_q_10__reg
ibex_wrap/u_ibex_top.gen_regfile_ff.register_file_i.g_rf_flops[4].rf_reg_q_11__reg
ibex_wrap/u_ibex_top.gen_regfile_ff.register_file_i.g_rf_flops[4].rf_reg_q_12__reg
ibex_wrap/u_ibex_top.gen_regfile_ff.register_file_i.g_rf_flops[4].rf_reg_q_13__reg
ibex_wrap/u_ibex_top.gen_regfile_ff.register_file_i.g_rf_flops[4].rf_reg_q_14__reg
ibex_wrap/u_ibex_top.gen_regfile_ff.register_file_i.g_rf_flops[4].rf_reg_q_15__reg
ibex_wrap/u_ibex_top.gen_regfile_ff.register_file_i.g_rf_flops[4].rf_reg_q_16__reg
ibex_wrap/u_ibex_top.gen_regfile_ff.register_file_i.g_rf_flops[4].rf_reg_q_17__reg
ibex_wrap/u_ibex_top.gen_regfile_ff.register_file_i.g_rf_flops[4].rf_reg_q_18__reg
ibex_wrap/u_ibex_top.gen_regfile_ff.register_file_i.g_rf_flops[4].rf_reg_q_19__reg
ibex_wrap/u_ibex_top.gen_regfile_ff.register_file_i.g_rf_flops[4].rf_reg_q_1__reg
ibex_wrap/u_ibex_top.gen_regfile_ff.register_file_i.g_rf_flops[4].rf_reg_q_20__reg
ibex_wrap/u_ibex_top.gen_regfile_ff.register_file_i.g_rf_flops[4].rf_reg_q_21__reg
ibex_wrap/u_ibex_top.gen_regfile_ff.register_file_i.g_rf_flops[4].rf_reg_q_22__reg
ibex_wrap/u_ibex_top.gen_regfile_ff.register_file_i.g_rf_flops[4].rf_reg_q_23__reg
ibex_wrap/u_ibex_top.gen_regfile_ff.register_file_i.g_rf_flops[4].rf_reg_q_24__reg
ibex_wrap/u_ibex_top.gen_regfile_ff.register_file_i.g_rf_flops[4].rf_reg_q_25__reg
ibex_wrap/u_ibex_top.gen_regfile_ff.register_file_i.g_rf_flops[4].rf_reg_q_26__reg
ibex_wrap/u_ibex_top.gen_regfile_ff.register_file_i.g_rf_flops[4].rf_reg_q_27__reg
ibex_wrap/u_ibex_top.gen_regfile_ff.register_file_i.g_rf_flops[4].rf_reg_q_28__reg
ibex_wrap/u_ibex_top.gen_regfile_ff.register_file_i.g_rf_flops[4].rf_reg_q_29__reg
ibex_wrap/u_ibex_top.gen_regfile_ff.register_file_i.g_rf_flops[4].rf_reg_q_2__reg
ibex_wrap/u_ibex_top.gen_regfile_ff.register_file_i.g_rf_flops[4].rf_reg_q_30__reg
ibex_wrap/u_ibex_top.gen_regfile_ff.register_file_i.g_rf_flops[4].rf_reg_q_31__reg
ibex_wrap/u_ibex_top.gen_regfile_ff.register_file_i.g_rf_flops[4].rf_reg_q_3__reg
ibex_wrap/u_ibex_top.gen_regfile_ff.register_file_i.g_rf_flops[4].rf_reg_q_4__reg
ibex_wrap/u_ibex_top.gen_regfile_ff.register_file_i.g_rf_flops[4].rf_reg_q_5__reg
ibex_wrap/u_ibex_top.gen_regfile_ff.register_file_i.g_rf_flops[4].rf_reg_q_6__reg
ibex_wrap/u_ibex_top.gen_regfile_ff.register_file_i.g_rf_flops[4].rf_reg_q_7__reg
ibex_wrap/u_ibex_top.gen_regfile_ff.register_file_i.g_rf_flops[4].rf_reg_q_8__reg
ibex_wrap/u_ibex_top.gen_regfile_ff.register_file_i.g_rf_flops[4].rf_reg_q_9__reg
ibex_wrap/u_ibex_top.gen_regfile_ff.register_file_i.g_rf_flops[5].rf_reg_q_0__reg
ibex_wrap/u_ibex_top.gen_regfile_ff.register_file_i.g_rf_flops[5].rf_reg_q_10__reg
ibex_wrap/u_ibex_top.gen_regfile_ff.register_file_i.g_rf_flops[5].rf_reg_q_11__reg
ibex_wrap/u_ibex_top.gen_regfile_ff.register_file_i.g_rf_flops[5].rf_reg_q_12__reg
ibex_wrap/u_ibex_top.gen_regfile_ff.register_file_i.g_rf_flops[5].rf_reg_q_13__reg
ibex_wrap/u_ibex_top.gen_regfile_ff.register_file_i.g_rf_flops[5].rf_reg_q_14__reg
ibex_wrap/u_ibex_top.gen_regfile_ff.register_file_i.g_rf_flops[5].rf_reg_q_15__reg
ibex_wrap/u_ibex_top.gen_regfile_ff.register_file_i.g_rf_flops[5].rf_reg_q_16__reg
ibex_wrap/u_ibex_top.gen_regfile_ff.register_file_i.g_rf_flops[5].rf_reg_q_17__reg
ibex_wrap/u_ibex_top.gen_regfile_ff.register_file_i.g_rf_flops[5].rf_reg_q_18__reg
ibex_wrap/u_ibex_top.gen_regfile_ff.register_file_i.g_rf_flops[5].rf_reg_q_19__reg
ibex_wrap/u_ibex_top.gen_regfile_ff.register_file_i.g_rf_flops[5].rf_reg_q_1__reg
ibex_wrap/u_ibex_top.gen_regfile_ff.register_file_i.g_rf_flops[5].rf_reg_q_20__reg
ibex_wrap/u_ibex_top.gen_regfile_ff.register_file_i.g_rf_flops[5].rf_reg_q_21__reg
ibex_wrap/u_ibex_top.gen_regfile_ff.register_file_i.g_rf_flops[5].rf_reg_q_22__reg
ibex_wrap/u_ibex_top.gen_regfile_ff.register_file_i.g_rf_flops[5].rf_reg_q_23__reg
ibex_wrap/u_ibex_top.gen_regfile_ff.register_file_i.g_rf_flops[5].rf_reg_q_24__reg
ibex_wrap/u_ibex_top.gen_regfile_ff.register_file_i.g_rf_flops[5].rf_reg_q_25__reg
ibex_wrap/u_ibex_top.gen_regfile_ff.register_file_i.g_rf_flops[5].rf_reg_q_26__reg
ibex_wrap/u_ibex_top.gen_regfile_ff.register_file_i.g_rf_flops[5].rf_reg_q_27__reg
ibex_wrap/u_ibex_top.gen_regfile_ff.register_file_i.g_rf_flops[5].rf_reg_q_28__reg
ibex_wrap/u_ibex_top.gen_regfile_ff.register_file_i.g_rf_flops[5].rf_reg_q_29__reg
ibex_wrap/u_ibex_top.gen_regfile_ff.register_file_i.g_rf_flops[5].rf_reg_q_2__reg
ibex_wrap/u_ibex_top.gen_regfile_ff.register_file_i.g_rf_flops[5].rf_reg_q_30__reg
ibex_wrap/u_ibex_top.gen_regfile_ff.register_file_i.g_rf_flops[5].rf_reg_q_31__reg
ibex_wrap/u_ibex_top.gen_regfile_ff.register_file_i.g_rf_flops[5].rf_reg_q_3__reg
ibex_wrap/u_ibex_top.gen_regfile_ff.register_file_i.g_rf_flops[5].rf_reg_q_4__reg
ibex_wrap/u_ibex_top.gen_regfile_ff.register_file_i.g_rf_flops[5].rf_reg_q_5__reg
ibex_wrap/u_ibex_top.gen_regfile_ff.register_file_i.g_rf_flops[5].rf_reg_q_6__reg
ibex_wrap/u_ibex_top.gen_regfile_ff.register_file_i.g_rf_flops[5].rf_reg_q_7__reg
ibex_wrap/u_ibex_top.gen_regfile_ff.register_file_i.g_rf_flops[5].rf_reg_q_8__reg
ibex_wrap/u_ibex_top.gen_regfile_ff.register_file_i.g_rf_flops[5].rf_reg_q_9__reg
ibex_wrap/u_ibex_top.gen_regfile_ff.register_file_i.g_rf_flops[6].rf_reg_q_0__reg
ibex_wrap/u_ibex_top.gen_regfile_ff.register_file_i.g_rf_flops[6].rf_reg_q_10__reg
ibex_wrap/u_ibex_top.gen_regfile_ff.register_file_i.g_rf_flops[6].rf_reg_q_11__reg
ibex_wrap/u_ibex_top.gen_regfile_ff.register_file_i.g_rf_flops[6].rf_reg_q_12__reg
ibex_wrap/u_ibex_top.gen_regfile_ff.register_file_i.g_rf_flops[6].rf_reg_q_13__reg
ibex_wrap/u_ibex_top.gen_regfile_ff.register_file_i.g_rf_flops[6].rf_reg_q_14__reg
ibex_wrap/u_ibex_top.gen_regfile_ff.register_file_i.g_rf_flops[6].rf_reg_q_15__reg
ibex_wrap/u_ibex_top.gen_regfile_ff.register_file_i.g_rf_flops[6].rf_reg_q_16__reg
ibex_wrap/u_ibex_top.gen_regfile_ff.register_file_i.g_rf_flops[6].rf_reg_q_17__reg
ibex_wrap/u_ibex_top.gen_regfile_ff.register_file_i.g_rf_flops[6].rf_reg_q_18__reg
ibex_wrap/u_ibex_top.gen_regfile_ff.register_file_i.g_rf_flops[6].rf_reg_q_19__reg
ibex_wrap/u_ibex_top.gen_regfile_ff.register_file_i.g_rf_flops[6].rf_reg_q_1__reg
ibex_wrap/u_ibex_top.gen_regfile_ff.register_file_i.g_rf_flops[6].rf_reg_q_20__reg
ibex_wrap/u_ibex_top.gen_regfile_ff.register_file_i.g_rf_flops[6].rf_reg_q_21__reg
ibex_wrap/u_ibex_top.gen_regfile_ff.register_file_i.g_rf_flops[6].rf_reg_q_22__reg
ibex_wrap/u_ibex_top.gen_regfile_ff.register_file_i.g_rf_flops[6].rf_reg_q_23__reg
ibex_wrap/u_ibex_top.gen_regfile_ff.register_file_i.g_rf_flops[6].rf_reg_q_24__reg
ibex_wrap/u_ibex_top.gen_regfile_ff.register_file_i.g_rf_flops[6].rf_reg_q_25__reg
ibex_wrap/u_ibex_top.gen_regfile_ff.register_file_i.g_rf_flops[6].rf_reg_q_26__reg
ibex_wrap/u_ibex_top.gen_regfile_ff.register_file_i.g_rf_flops[6].rf_reg_q_27__reg
ibex_wrap/u_ibex_top.gen_regfile_ff.register_file_i.g_rf_flops[6].rf_reg_q_28__reg
ibex_wrap/u_ibex_top.gen_regfile_ff.register_file_i.g_rf_flops[6].rf_reg_q_29__reg
ibex_wrap/u_ibex_top.gen_regfile_ff.register_file_i.g_rf_flops[6].rf_reg_q_2__reg
ibex_wrap/u_ibex_top.gen_regfile_ff.register_file_i.g_rf_flops[6].rf_reg_q_30__reg
ibex_wrap/u_ibex_top.gen_regfile_ff.register_file_i.g_rf_flops[6].rf_reg_q_31__reg
ibex_wrap/u_ibex_top.gen_regfile_ff.register_file_i.g_rf_flops[6].rf_reg_q_3__reg
ibex_wrap/u_ibex_top.gen_regfile_ff.register_file_i.g_rf_flops[6].rf_reg_q_4__reg
ibex_wrap/u_ibex_top.gen_regfile_ff.register_file_i.g_rf_flops[6].rf_reg_q_5__reg
ibex_wrap/u_ibex_top.gen_regfile_ff.register_file_i.g_rf_flops[6].rf_reg_q_6__reg
ibex_wrap/u_ibex_top.gen_regfile_ff.register_file_i.g_rf_flops[6].rf_reg_q_7__reg
ibex_wrap/u_ibex_top.gen_regfile_ff.register_file_i.g_rf_flops[6].rf_reg_q_8__reg
ibex_wrap/u_ibex_top.gen_regfile_ff.register_file_i.g_rf_flops[6].rf_reg_q_9__reg
ibex_wrap/u_ibex_top.gen_regfile_ff.register_file_i.g_rf_flops[7].rf_reg_q_0__reg
ibex_wrap/u_ibex_top.gen_regfile_ff.register_file_i.g_rf_flops[7].rf_reg_q_10__reg
ibex_wrap/u_ibex_top.gen_regfile_ff.register_file_i.g_rf_flops[7].rf_reg_q_11__reg
ibex_wrap/u_ibex_top.gen_regfile_ff.register_file_i.g_rf_flops[7].rf_reg_q_12__reg
ibex_wrap/u_ibex_top.gen_regfile_ff.register_file_i.g_rf_flops[7].rf_reg_q_13__reg
ibex_wrap/u_ibex_top.gen_regfile_ff.register_file_i.g_rf_flops[7].rf_reg_q_14__reg
ibex_wrap/u_ibex_top.gen_regfile_ff.register_file_i.g_rf_flops[7].rf_reg_q_15__reg
ibex_wrap/u_ibex_top.gen_regfile_ff.register_file_i.g_rf_flops[7].rf_reg_q_16__reg
ibex_wrap/u_ibex_top.gen_regfile_ff.register_file_i.g_rf_flops[7].rf_reg_q_17__reg
ibex_wrap/u_ibex_top.gen_regfile_ff.register_file_i.g_rf_flops[7].rf_reg_q_18__reg
ibex_wrap/u_ibex_top.gen_regfile_ff.register_file_i.g_rf_flops[7].rf_reg_q_19__reg
ibex_wrap/u_ibex_top.gen_regfile_ff.register_file_i.g_rf_flops[7].rf_reg_q_1__reg
ibex_wrap/u_ibex_top.gen_regfile_ff.register_file_i.g_rf_flops[7].rf_reg_q_20__reg
ibex_wrap/u_ibex_top.gen_regfile_ff.register_file_i.g_rf_flops[7].rf_reg_q_21__reg
ibex_wrap/u_ibex_top.gen_regfile_ff.register_file_i.g_rf_flops[7].rf_reg_q_22__reg
ibex_wrap/u_ibex_top.gen_regfile_ff.register_file_i.g_rf_flops[7].rf_reg_q_23__reg
ibex_wrap/u_ibex_top.gen_regfile_ff.register_file_i.g_rf_flops[7].rf_reg_q_24__reg
ibex_wrap/u_ibex_top.gen_regfile_ff.register_file_i.g_rf_flops[7].rf_reg_q_25__reg
ibex_wrap/u_ibex_top.gen_regfile_ff.register_file_i.g_rf_flops[7].rf_reg_q_26__reg
ibex_wrap/u_ibex_top.gen_regfile_ff.register_file_i.g_rf_flops[7].rf_reg_q_27__reg
ibex_wrap/u_ibex_top.gen_regfile_ff.register_file_i.g_rf_flops[7].rf_reg_q_28__reg
ibex_wrap/u_ibex_top.gen_regfile_ff.register_file_i.g_rf_flops[7].rf_reg_q_29__reg
ibex_wrap/u_ibex_top.gen_regfile_ff.register_file_i.g_rf_flops[7].rf_reg_q_2__reg
ibex_wrap/u_ibex_top.gen_regfile_ff.register_file_i.g_rf_flops[7].rf_reg_q_30__reg
ibex_wrap/u_ibex_top.gen_regfile_ff.register_file_i.g_rf_flops[7].rf_reg_q_31__reg
ibex_wrap/u_ibex_top.gen_regfile_ff.register_file_i.g_rf_flops[7].rf_reg_q_3__reg
ibex_wrap/u_ibex_top.gen_regfile_ff.register_file_i.g_rf_flops[7].rf_reg_q_4__reg
ibex_wrap/u_ibex_top.gen_regfile_ff.register_file_i.g_rf_flops[7].rf_reg_q_5__reg
ibex_wrap/u_ibex_top.gen_regfile_ff.register_file_i.g_rf_flops[7].rf_reg_q_6__reg
ibex_wrap/u_ibex_top.gen_regfile_ff.register_file_i.g_rf_flops[7].rf_reg_q_7__reg
ibex_wrap/u_ibex_top.gen_regfile_ff.register_file_i.g_rf_flops[7].rf_reg_q_8__reg
ibex_wrap/u_ibex_top.gen_regfile_ff.register_file_i.g_rf_flops[7].rf_reg_q_9__reg
ibex_wrap/u_ibex_top.gen_regfile_ff.register_file_i.g_rf_flops[8].rf_reg_q_0__reg
ibex_wrap/u_ibex_top.gen_regfile_ff.register_file_i.g_rf_flops[8].rf_reg_q_10__reg
ibex_wrap/u_ibex_top.gen_regfile_ff.register_file_i.g_rf_flops[8].rf_reg_q_11__reg
ibex_wrap/u_ibex_top.gen_regfile_ff.register_file_i.g_rf_flops[8].rf_reg_q_12__reg
ibex_wrap/u_ibex_top.gen_regfile_ff.register_file_i.g_rf_flops[8].rf_reg_q_13__reg
ibex_wrap/u_ibex_top.gen_regfile_ff.register_file_i.g_rf_flops[8].rf_reg_q_14__reg
ibex_wrap/u_ibex_top.gen_regfile_ff.register_file_i.g_rf_flops[8].rf_reg_q_15__reg
ibex_wrap/u_ibex_top.gen_regfile_ff.register_file_i.g_rf_flops[8].rf_reg_q_16__reg
ibex_wrap/u_ibex_top.gen_regfile_ff.register_file_i.g_rf_flops[8].rf_reg_q_17__reg
ibex_wrap/u_ibex_top.gen_regfile_ff.register_file_i.g_rf_flops[8].rf_reg_q_18__reg
ibex_wrap/u_ibex_top.gen_regfile_ff.register_file_i.g_rf_flops[8].rf_reg_q_19__reg
ibex_wrap/u_ibex_top.gen_regfile_ff.register_file_i.g_rf_flops[8].rf_reg_q_1__reg
ibex_wrap/u_ibex_top.gen_regfile_ff.register_file_i.g_rf_flops[8].rf_reg_q_20__reg
ibex_wrap/u_ibex_top.gen_regfile_ff.register_file_i.g_rf_flops[8].rf_reg_q_21__reg
ibex_wrap/u_ibex_top.gen_regfile_ff.register_file_i.g_rf_flops[8].rf_reg_q_22__reg
ibex_wrap/u_ibex_top.gen_regfile_ff.register_file_i.g_rf_flops[8].rf_reg_q_23__reg
ibex_wrap/u_ibex_top.gen_regfile_ff.register_file_i.g_rf_flops[8].rf_reg_q_24__reg
ibex_wrap/u_ibex_top.gen_regfile_ff.register_file_i.g_rf_flops[8].rf_reg_q_25__reg
ibex_wrap/u_ibex_top.gen_regfile_ff.register_file_i.g_rf_flops[8].rf_reg_q_26__reg
ibex_wrap/u_ibex_top.gen_regfile_ff.register_file_i.g_rf_flops[8].rf_reg_q_27__reg
ibex_wrap/u_ibex_top.gen_regfile_ff.register_file_i.g_rf_flops[8].rf_reg_q_28__reg
ibex_wrap/u_ibex_top.gen_regfile_ff.register_file_i.g_rf_flops[8].rf_reg_q_29__reg
ibex_wrap/u_ibex_top.gen_regfile_ff.register_file_i.g_rf_flops[8].rf_reg_q_2__reg
ibex_wrap/u_ibex_top.gen_regfile_ff.register_file_i.g_rf_flops[8].rf_reg_q_30__reg
ibex_wrap/u_ibex_top.gen_regfile_ff.register_file_i.g_rf_flops[8].rf_reg_q_31__reg
ibex_wrap/u_ibex_top.gen_regfile_ff.register_file_i.g_rf_flops[8].rf_reg_q_3__reg
ibex_wrap/u_ibex_top.gen_regfile_ff.register_file_i.g_rf_flops[8].rf_reg_q_4__reg
ibex_wrap/u_ibex_top.gen_regfile_ff.register_file_i.g_rf_flops[8].rf_reg_q_5__reg
ibex_wrap/u_ibex_top.gen_regfile_ff.register_file_i.g_rf_flops[8].rf_reg_q_6__reg
ibex_wrap/u_ibex_top.gen_regfile_ff.register_file_i.g_rf_flops[8].rf_reg_q_7__reg
ibex_wrap/u_ibex_top.gen_regfile_ff.register_file_i.g_rf_flops[8].rf_reg_q_8__reg
ibex_wrap/u_ibex_top.gen_regfile_ff.register_file_i.g_rf_flops[8].rf_reg_q_9__reg
ibex_wrap/u_ibex_top.gen_regfile_ff.register_file_i.g_rf_flops[9].rf_reg_q_0__reg
ibex_wrap/u_ibex_top.gen_regfile_ff.register_file_i.g_rf_flops[9].rf_reg_q_10__reg
ibex_wrap/u_ibex_top.gen_regfile_ff.register_file_i.g_rf_flops[9].rf_reg_q_11__reg
ibex_wrap/u_ibex_top.gen_regfile_ff.register_file_i.g_rf_flops[9].rf_reg_q_12__reg
ibex_wrap/u_ibex_top.gen_regfile_ff.register_file_i.g_rf_flops[9].rf_reg_q_13__reg
ibex_wrap/u_ibex_top.gen_regfile_ff.register_file_i.g_rf_flops[9].rf_reg_q_14__reg
ibex_wrap/u_ibex_top.gen_regfile_ff.register_file_i.g_rf_flops[9].rf_reg_q_15__reg
ibex_wrap/u_ibex_top.gen_regfile_ff.register_file_i.g_rf_flops[9].rf_reg_q_16__reg
ibex_wrap/u_ibex_top.gen_regfile_ff.register_file_i.g_rf_flops[9].rf_reg_q_17__reg
ibex_wrap/u_ibex_top.gen_regfile_ff.register_file_i.g_rf_flops[9].rf_reg_q_18__reg
ibex_wrap/u_ibex_top.gen_regfile_ff.register_file_i.g_rf_flops[9].rf_reg_q_19__reg
ibex_wrap/u_ibex_top.gen_regfile_ff.register_file_i.g_rf_flops[9].rf_reg_q_1__reg
ibex_wrap/u_ibex_top.gen_regfile_ff.register_file_i.g_rf_flops[9].rf_reg_q_20__reg
ibex_wrap/u_ibex_top.gen_regfile_ff.register_file_i.g_rf_flops[9].rf_reg_q_21__reg
ibex_wrap/u_ibex_top.gen_regfile_ff.register_file_i.g_rf_flops[9].rf_reg_q_22__reg
ibex_wrap/u_ibex_top.gen_regfile_ff.register_file_i.g_rf_flops[9].rf_reg_q_23__reg
ibex_wrap/u_ibex_top.gen_regfile_ff.register_file_i.g_rf_flops[9].rf_reg_q_24__reg
ibex_wrap/u_ibex_top.gen_regfile_ff.register_file_i.g_rf_flops[9].rf_reg_q_25__reg
ibex_wrap/u_ibex_top.gen_regfile_ff.register_file_i.g_rf_flops[9].rf_reg_q_26__reg
ibex_wrap/u_ibex_top.gen_regfile_ff.register_file_i.g_rf_flops[9].rf_reg_q_27__reg
ibex_wrap/u_ibex_top.gen_regfile_ff.register_file_i.g_rf_flops[9].rf_reg_q_28__reg
ibex_wrap/u_ibex_top.gen_regfile_ff.register_file_i.g_rf_flops[9].rf_reg_q_29__reg
ibex_wrap/u_ibex_top.gen_regfile_ff.register_file_i.g_rf_flops[9].rf_reg_q_2__reg
ibex_wrap/u_ibex_top.gen_regfile_ff.register_file_i.g_rf_flops[9].rf_reg_q_30__reg
ibex_wrap/u_ibex_top.gen_regfile_ff.register_file_i.g_rf_flops[9].rf_reg_q_31__reg
ibex_wrap/u_ibex_top.gen_regfile_ff.register_file_i.g_rf_flops[9].rf_reg_q_3__reg
ibex_wrap/u_ibex_top.gen_regfile_ff.register_file_i.g_rf_flops[9].rf_reg_q_4__reg
ibex_wrap/u_ibex_top.gen_regfile_ff.register_file_i.g_rf_flops[9].rf_reg_q_5__reg
ibex_wrap/u_ibex_top.gen_regfile_ff.register_file_i.g_rf_flops[9].rf_reg_q_6__reg
ibex_wrap/u_ibex_top.gen_regfile_ff.register_file_i.g_rf_flops[9].rf_reg_q_7__reg
ibex_wrap/u_ibex_top.gen_regfile_ff.register_file_i.g_rf_flops[9].rf_reg_q_8__reg
ibex_wrap/u_ibex_top.gen_regfile_ff.register_file_i.g_rf_flops[9].rf_reg_q_9__reg
ibex_wrap/u_ibex_top.gen_regfile_ff.register_file_i.raddr_a_i_1__reg
ibex_wrap/u_ibex_top.gen_regfile_ff.register_file_i.raddr_a_i_2__reg
ibex_wrap/u_ibex_top.gen_regfile_ff.register_file_i.raddr_a_i_3__reg
ibex_wrap/u_ibex_top.gen_regfile_ff.register_file_i.raddr_a_i_4__reg
ibex_wrap/u_ibex_top.gen_regfile_ff.register_file_i.raddr_b_i_0__reg
ibex_wrap/u_ibex_top.gen_regfile_ff.register_file_i.raddr_b_i_1__reg
ibex_wrap/u_ibex_top.gen_regfile_ff.register_file_i.raddr_b_i_2__reg
ibex_wrap/u_ibex_top.gen_regfile_ff.register_file_i.raddr_b_i_3__reg
ibex_wrap/u_ibex_top.gen_regfile_ff.register_file_i.waddr_a_i_0__reg
ibex_wrap/u_ibex_top.gen_regfile_ff.register_file_i.waddr_a_i_1__reg
ibex_wrap/u_ibex_top.gen_regfile_ff.register_file_i.waddr_a_i_2__reg
ibex_wrap/u_ibex_top.gen_regfile_ff.register_file_i.waddr_a_i_3__reg
ibex_wrap/u_ibex_top.u_ibex_core.cs_registers_i.csr_mtvec_o_10__reg
ibex_wrap/u_ibex_top.u_ibex_core.cs_registers_i.csr_mtvec_o_11__reg
ibex_wrap/u_ibex_top.u_ibex_core.cs_registers_i.csr_mtvec_o_12__reg
ibex_wrap/u_ibex_top.u_ibex_core.cs_registers_i.csr_mtvec_o_13__reg
ibex_wrap/u_ibex_top.u_ibex_core.cs_registers_i.csr_mtvec_o_14__reg
ibex_wrap/u_ibex_top.u_ibex_core.cs_registers_i.csr_mtvec_o_15__reg
ibex_wrap/u_ibex_top.u_ibex_core.cs_registers_i.csr_mtvec_o_16__reg
ibex_wrap/u_ibex_top.u_ibex_core.cs_registers_i.csr_mtvec_o_17__reg
ibex_wrap/u_ibex_top.u_ibex_core.cs_registers_i.csr_mtvec_o_18__reg
ibex_wrap/u_ibex_top.u_ibex_core.cs_registers_i.csr_mtvec_o_19__reg
ibex_wrap/u_ibex_top.u_ibex_core.cs_registers_i.csr_mtvec_o_20__reg
ibex_wrap/u_ibex_top.u_ibex_core.cs_registers_i.csr_mtvec_o_21__reg
ibex_wrap/u_ibex_top.u_ibex_core.cs_registers_i.csr_mtvec_o_22__reg
ibex_wrap/u_ibex_top.u_ibex_core.cs_registers_i.csr_mtvec_o_23__reg
ibex_wrap/u_ibex_top.u_ibex_core.cs_registers_i.csr_mtvec_o_24__reg
ibex_wrap/u_ibex_top.u_ibex_core.cs_registers_i.csr_mtvec_o_25__reg
ibex_wrap/u_ibex_top.u_ibex_core.cs_registers_i.csr_mtvec_o_26__reg
ibex_wrap/u_ibex_top.u_ibex_core.cs_registers_i.csr_mtvec_o_27__reg
ibex_wrap/u_ibex_top.u_ibex_core.cs_registers_i.csr_mtvec_o_28__reg
ibex_wrap/u_ibex_top.u_ibex_core.cs_registers_i.csr_mtvec_o_29__reg
ibex_wrap/u_ibex_top.u_ibex_core.cs_registers_i.csr_mtvec_o_30__reg
ibex_wrap/u_ibex_top.u_ibex_core.cs_registers_i.csr_mtvec_o_31__reg
ibex_wrap/u_ibex_top.u_ibex_core.cs_registers_i.csr_mtvec_o_8__reg
ibex_wrap/u_ibex_top.u_ibex_core.cs_registers_i.csr_mtvec_o_9__reg
ibex_wrap/u_ibex_top.u_ibex_core.cs_registers_i.debug_mode_i_reg
ibex_wrap/u_ibex_top.u_ibex_core.cs_registers_i.nmi_mode_i_reg
ibex_wrap/u_ibex_top.u_ibex_core.id_stage_i.branch_jump_set_done_q_reg
ibex_wrap/u_ibex_top.u_ibex_core.id_stage_i.controller_i.ctrl_fsm_cs_0__reg
ibex_wrap/u_ibex_top.u_ibex_core.id_stage_i.controller_i.ctrl_fsm_cs_1__reg
ibex_wrap/u_ibex_top.u_ibex_core.id_stage_i.controller_i.ctrl_fsm_cs_2__reg
ibex_wrap/u_ibex_top.u_ibex_core.id_stage_i.controller_i.ctrl_fsm_cs_3__reg
ibex_wrap/u_ibex_top.u_ibex_core.id_stage_i.controller_i.enter_debug_mode_prio_q_reg
ibex_wrap/u_ibex_top.u_ibex_core.id_stage_i.controller_i.exc_req_q_reg
ibex_wrap/u_ibex_top.u_ibex_core.id_stage_i.controller_i.id_wb_pending_reg
ibex_wrap/u_ibex_top.u_ibex_core.id_stage_i.controller_i.illegal_insn_q_reg
ibex_wrap/u_ibex_top.u_ibex_core.id_stage_i.controller_i.instr_fetch_err_i_reg
ibex_wrap/u_ibex_top.u_ibex_core.id_stage_i.controller_i.instr_i_0__reg
ibex_wrap/u_ibex_top.u_ibex_core.id_stage_i.controller_i.instr_i_12__reg
ibex_wrap/u_ibex_top.u_ibex_core.id_stage_i.controller_i.instr_i_1__reg
ibex_wrap/u_ibex_top.u_ibex_core.id_stage_i.controller_i.instr_i_2__reg
ibex_wrap/u_ibex_top.u_ibex_core.id_stage_i.controller_i.instr_i_3__reg
ibex_wrap/u_ibex_top.u_ibex_core.id_stage_i.controller_i.instr_i_4__reg
ibex_wrap/u_ibex_top.u_ibex_core.id_stage_i.controller_i.instr_i_5__reg
ibex_wrap/u_ibex_top.u_ibex_core.id_stage_i.controller_i.instr_is_compressed_i_reg
ibex_wrap/u_ibex_top.u_ibex_core.id_stage_i.controller_i.load_err_q_reg
ibex_wrap/u_ibex_top.u_ibex_core.id_stage_i.controller_i.store_err_q_reg
ibex_wrap/u_ibex_top.u_ibex_core.id_stage_i.decoder_i.illegal_c_insn_i_reg
ibex_wrap/u_ibex_top.u_ibex_core.id_stage_i.id_fsm_q_reg
ibex_wrap/u_ibex_top.u_ibex_core.if_stage_i.gen_prefetch_buffer.prefetch_buffer_i.branch_discard_q_0__reg
ibex_wrap/u_ibex_top.u_ibex_core.if_stage_i.gen_prefetch_buffer.prefetch_buffer_i.branch_discard_q_1__reg
ibex_wrap/u_ibex_top.u_ibex_core.if_stage_i.gen_prefetch_buffer.prefetch_buffer_i.discard_req_q_reg
ibex_wrap/u_ibex_top.u_ibex_core.if_stage_i.gen_prefetch_buffer.prefetch_buffer_i.fetch_addr_q_2__reg
ibex_wrap/u_ibex_top.u_ibex_core.if_stage_i.gen_prefetch_buffer.prefetch_buffer_i.fetch_addr_q_3__reg
ibex_wrap/u_ibex_top.u_ibex_core.if_stage_i.gen_prefetch_buffer.prefetch_buffer_i.fetch_addr_q_4__reg
ibex_wrap/u_ibex_top.u_ibex_core.if_stage_i.gen_prefetch_buffer.prefetch_buffer_i.fetch_addr_q_5__reg
ibex_wrap/u_ibex_top.u_ibex_core.if_stage_i.gen_prefetch_buffer.prefetch_buffer_i.fifo_i.err_q_0__reg
ibex_wrap/u_ibex_top.u_ibex_core.if_stage_i.gen_prefetch_buffer.prefetch_buffer_i.fifo_i.err_q_1__reg
ibex_wrap/u_ibex_top.u_ibex_core.if_stage_i.gen_prefetch_buffer.prefetch_buffer_i.fifo_i.err_q_2__reg
ibex_wrap/u_ibex_top.u_ibex_core.if_stage_i.gen_prefetch_buffer.prefetch_buffer_i.fifo_i.rdata_q_0__reg
ibex_wrap/u_ibex_top.u_ibex_core.if_stage_i.gen_prefetch_buffer.prefetch_buffer_i.fifo_i.rdata_q_1__reg
ibex_wrap/u_ibex_top.u_ibex_core.if_stage_i.gen_prefetch_buffer.prefetch_buffer_i.fifo_i.rdata_q_2__reg
ibex_wrap/u_ibex_top.u_ibex_core.if_stage_i.gen_prefetch_buffer.prefetch_buffer_i.fifo_i.rdata_q_32__reg
ibex_wrap/u_ibex_top.u_ibex_core.if_stage_i.gen_prefetch_buffer.prefetch_buffer_i.fifo_i.rdata_q_33__reg
ibex_wrap/u_ibex_top.u_ibex_core.if_stage_i.gen_prefetch_buffer.prefetch_buffer_i.fifo_i.rdata_q_34__reg
ibex_wrap/u_ibex_top.u_ibex_core.if_stage_i.gen_prefetch_buffer.prefetch_buffer_i.fifo_i.rdata_q_35__reg
ibex_wrap/u_ibex_top.u_ibex_core.if_stage_i.gen_prefetch_buffer.prefetch_buffer_i.fifo_i.rdata_q_36__reg
ibex_wrap/u_ibex_top.u_ibex_core.if_stage_i.gen_prefetch_buffer.prefetch_buffer_i.fifo_i.rdata_q_37__reg
ibex_wrap/u_ibex_top.u_ibex_core.if_stage_i.gen_prefetch_buffer.prefetch_buffer_i.fifo_i.rdata_q_3__reg
ibex_wrap/u_ibex_top.u_ibex_core.if_stage_i.gen_prefetch_buffer.prefetch_buffer_i.fifo_i.rdata_q_4__reg
ibex_wrap/u_ibex_top.u_ibex_core.if_stage_i.gen_prefetch_buffer.prefetch_buffer_i.fifo_i.rdata_q_5__reg
ibex_wrap/u_ibex_top.u_ibex_core.if_stage_i.gen_prefetch_buffer.prefetch_buffer_i.fifo_i.rdata_q_64__reg
ibex_wrap/u_ibex_top.u_ibex_core.if_stage_i.gen_prefetch_buffer.prefetch_buffer_i.fifo_i.rdata_q_65__reg
ibex_wrap/u_ibex_top.u_ibex_core.if_stage_i.gen_prefetch_buffer.prefetch_buffer_i.fifo_i.rdata_q_66__reg
ibex_wrap/u_ibex_top.u_ibex_core.if_stage_i.gen_prefetch_buffer.prefetch_buffer_i.fifo_i.rdata_q_67__reg
ibex_wrap/u_ibex_top.u_ibex_core.if_stage_i.gen_prefetch_buffer.prefetch_buffer_i.fifo_i.rdata_q_68__reg
ibex_wrap/u_ibex_top.u_ibex_core.if_stage_i.gen_prefetch_buffer.prefetch_buffer_i.fifo_i.rdata_q_69__reg
ibex_wrap/u_ibex_top.u_ibex_core.if_stage_i.gen_prefetch_buffer.prefetch_buffer_i.fifo_i.valid_q_0__reg
ibex_wrap/u_ibex_top.u_ibex_core.if_stage_i.gen_prefetch_buffer.prefetch_buffer_i.fifo_i.valid_q_1__reg
ibex_wrap/u_ibex_top.u_ibex_core.if_stage_i.gen_prefetch_buffer.prefetch_buffer_i.fifo_i.valid_q_2__reg
ibex_wrap/u_ibex_top.u_ibex_core.if_stage_i.gen_prefetch_buffer.prefetch_buffer_i.rdata_outstanding_q_0__reg
ibex_wrap/u_ibex_top.u_ibex_core.if_stage_i.gen_prefetch_buffer.prefetch_buffer_i.rdata_outstanding_q_1__reg
ibex_wrap/u_ibex_top.u_ibex_core.if_stage_i.gen_prefetch_buffer.prefetch_buffer_i.stored_addr_q_2__reg
ibex_wrap/u_ibex_top.u_ibex_core.if_stage_i.gen_prefetch_buffer.prefetch_buffer_i.stored_addr_q_3__reg
ibex_wrap/u_ibex_top.u_ibex_core.if_stage_i.gen_prefetch_buffer.prefetch_buffer_i.stored_addr_q_4__reg
ibex_wrap/u_ibex_top.u_ibex_core.if_stage_i.gen_prefetch_buffer.prefetch_buffer_i.stored_addr_q_5__reg
ibex_wrap/u_ibex_top.u_ibex_core.if_stage_i.gen_prefetch_buffer.prefetch_buffer_i.valid_req_q_reg
ibex_wrap/u_ibex_top.u_ibex_core.load_store_unit_i.data_type_q_0__reg
ibex_wrap/u_ibex_top.u_ibex_core.load_store_unit_i.data_type_q_1__reg
ibex_wrap/u_ibex_top.u_ibex_core.load_store_unit_i.data_we_q_reg
ibex_wrap/u_ibex_top.u_ibex_core.load_store_unit_i.handle_misaligned_q_reg
ibex_wrap/u_ibex_top.u_ibex_core.load_store_unit_i.ls_fsm_cs_0__reg
ibex_wrap/u_ibex_top.u_ibex_core.load_store_unit_i.ls_fsm_cs_1__reg
ibex_wrap/u_ibex_top.u_ibex_core.load_store_unit_i.ls_fsm_cs_2__reg
ibex_wrap/u_ibex_top.u_ibex_core.load_store_unit_i.lsu_err_q_reg
ibex_wrap/u_ibex_top.u_ibex_core.load_store_unit_i.rdata_offset_q_0__reg
ibex_wrap/u_ibex_top.u_ibex_core.load_store_unit_i.rdata_offset_q_1__reg
